#
# There is insufficient memory for the Java Runtime Environment to continue.
# Native memory allocation (malloc) failed to allocate 868336 bytes. Error detail: Chunk::new
# Possible reasons:
#   The system is out of physical RAM or swap space
#   This process is running with CompressedOops enabled, and the Java Heap may be blocking the growth of the native heap
# Possible solutions:
#   Reduce memory load on the system
#   Increase physical memory or swap space
#   Check if swap backing store is full
#   Decrease Java heap size (-Xmx/-Xms)
#   Decrease number of Java threads
#   Decrease Java thread stack sizes (-Xss)
#   Set larger code cache with -XX:ReservedCodeCacheSize=
#   JVM is running with Unscaled Compressed Oops mode in which the Java heap is
#     placed in the first 4GB address space. The Java Heap base address is the
#     maximum limit for the native heap growth. Please use -XX:HeapBaseMinAddress
#     to set the Java Heap base and to place the Java Heap above 4GB virtual address.
# This output file may be truncated or incomplete.
#
#  Out of Memory Error (arena.cpp:168), pid=24688, tid=7748
#
# JRE version: OpenJDK Runtime Environment JBR-21.0.6+8-631.39-jcef (21.0.6+8) (build 21.0.6+8-b631.39)
# Java VM: OpenJDK 64-Bit Server VM JBR-21.0.6+8-631.39-jcef (21.0.6+8-b631.39, mixed mode, sharing, tiered, compressed oops, compressed class ptrs, g1 gc, windows-amd64)
# No core dump will be written. Minidumps are not enabled by default on client versions of Windows
#

---------------  S U M M A R Y ------------

Command Line: git4idea.http.GitAskPassApp Password for 'https://K3yyy@github.com': 

Host: 11th Gen Intel(R) Core(TM) i5-11400H @ 2.70GHz, 12 cores, 7G,  Windows 11 , 64 bit Build 26100 (10.0.26100.4202)
Time: Thu Jun 12 14:18:54 2025 SE Asia Standard Time elapsed time: 9.927595 seconds (0d 0h 0m 9s)

---------------  T H R E A D  ---------------

Current thread (0x00000237f08e3f60):  JavaThread "C2 CompilerThread1" daemon [_thread_in_native, id=7748, stack(0x0000005d59600000,0x0000005d59700000) (1024K)]


Current CompileTask:
C2:9927 1065       4       sun.security.ec.ECOperations::setDouble (463 bytes)

Stack: [0x0000005d59600000,0x0000005d59700000]
Native frames: (J=compiled Java code, j=interpreted, Vv=VM code, C=native code)
V  [jvm.dll+0x6e5d39]
V  [jvm.dll+0x8c4133]
V  [jvm.dll+0x8c668e]
V  [jvm.dll+0x8c6d73]
V  [jvm.dll+0x288f76]
V  [jvm.dll+0xc66dd]
V  [jvm.dll+0xc6c13]
V  [jvm.dll+0x2feb80]
V  [jvm.dll+0x60c8b9]
V  [jvm.dll+0x2598d2]
V  [jvm.dll+0x259c8f]
V  [jvm.dll+0x252435]
V  [jvm.dll+0x24fc8e]
V  [jvm.dll+0x1cd6c4]
V  [jvm.dll+0x25f60c]
V  [jvm.dll+0x25db56]
V  [jvm.dll+0x3ff756]
V  [jvm.dll+0x86bd48]
V  [jvm.dll+0x6e453d]
C  [ucrtbase.dll+0x37b0]
C  [KERNEL32.DLL+0x2e8d7]
C  [ntdll.dll+0x3c34c]


---------------  P R O C E S S  ---------------

Threads class SMR info:
_java_thread_list=0x00000237f50f1300, length=15, elements={
0x00000237d59760f0, 0x00000237f0539d60, 0x00000237f053a3c0, 0x00000237f053aed0,
0x00000237f053bb40, 0x00000237f05481c0, 0x00000237f054a960, 0x00000237f054e920,
0x00000237f0551150, 0x00000237f07ce3f0, 0x00000237f07cec10, 0x00000237f5098530,
0x00000237f50da740, 0x00000237f52712e0, 0x00000237f08e3f60
}

Java Threads: ( => current thread )
  0x00000237d59760f0 JavaThread "main"                              [_thread_in_vm, id=23352, stack(0x0000005d58000000,0x0000005d58100000) (1024K)]
  0x00000237f0539d60 JavaThread "Reference Handler"          daemon [_thread_blocked, id=16004, stack(0x0000005d58800000,0x0000005d58900000) (1024K)]
  0x00000237f053a3c0 JavaThread "Finalizer"                  daemon [_thread_blocked, id=13844, stack(0x0000005d58900000,0x0000005d58a00000) (1024K)]
  0x00000237f053aed0 JavaThread "Signal Dispatcher"          daemon [_thread_blocked, id=23644, stack(0x0000005d58a00000,0x0000005d58b00000) (1024K)]
  0x00000237f053bb40 JavaThread "Attach Listener"            daemon [_thread_blocked, id=22268, stack(0x0000005d58b00000,0x0000005d58c00000) (1024K)]
  0x00000237f05481c0 JavaThread "Service Thread"             daemon [_thread_blocked, id=22660, stack(0x0000005d58c00000,0x0000005d58d00000) (1024K)]
  0x00000237f054a960 JavaThread "Monitor Deflation Thread"   daemon [_thread_blocked, id=22428, stack(0x0000005d58d00000,0x0000005d58e00000) (1024K)]
  0x00000237f054e920 JavaThread "C2 CompilerThread0"         daemon [_thread_blocked, id=13980, stack(0x0000005d58e00000,0x0000005d58f00000) (1024K)]
  0x00000237f0551150 JavaThread "C1 CompilerThread0"         daemon [_thread_in_vm, id=15308, stack(0x0000005d58f00000,0x0000005d59000000) (1024K)]
  0x00000237f07ce3f0 JavaThread "Notification Thread"        daemon [_thread_blocked, id=21064, stack(0x0000005d59000000,0x0000005d59100000) (1024K)]
  0x00000237f07cec10 JavaThread "Common-Cleaner"             daemon [_thread_blocked, id=13636, stack(0x0000005d59100000,0x0000005d59200000) (1024K)]
  0x00000237f5098530 JavaThread "HttpClient-1-SelectorManager" daemon [_thread_in_native, id=8156, stack(0x0000005d59200000,0x0000005d59300000) (1024K)]
  0x00000237f50da740 JavaThread "HttpClient-1-Worker-0"      daemon [_thread_in_vm, id=18468, stack(0x0000005d59400000,0x0000005d59500000) (1024K)]
  0x00000237f52712e0 JavaThread "HttpClient-1-Worker-1"      daemon [_thread_blocked, id=18444, stack(0x0000005d59500000,0x0000005d59600000) (1024K)]
=>0x00000237f08e3f60 JavaThread "C2 CompilerThread1"         daemon [_thread_in_native, id=7748, stack(0x0000005d59600000,0x0000005d59700000) (1024K)]
Total: 15

Other Threads:
  0x00000237f0517f80 VMThread "VM Thread"                           [id=18332, stack(0x0000005d58700000,0x0000005d58800000) (1024K)]
  0x00000237f05074b0 WatcherThread "VM Periodic Task Thread"        [id=16756, stack(0x0000005d58600000,0x0000005d58700000) (1024K)]
  0x00000237d7da0800 WorkerThread "GC Thread#0"                     [id=16680, stack(0x0000005d58100000,0x0000005d58200000) (1024K)]
  0x00000237d7db1270 ConcurrentGCThread "G1 Main Marker"            [id=22664, stack(0x0000005d58200000,0x0000005d58300000) (1024K)]
  0x00000237d7db3790 WorkerThread "G1 Conc#0"                       [id=23148, stack(0x0000005d58300000,0x0000005d58400000) (1024K)]
  0x00000237d7e0e8b0 ConcurrentGCThread "G1 Refine#0"               [id=17740, stack(0x0000005d58400000,0x0000005d58500000) (1024K)]
  0x00000237f03d4190 ConcurrentGCThread "G1 Service"                [id=15784, stack(0x0000005d58500000,0x0000005d58600000) (1024K)]
Total: 7

Threads with active compile tasks:
C1 CompilerThread0  11976 1115       3       java.lang.Byte::hashCode (8 bytes)
C2 CompilerThread1  11976 1065       4       sun.security.ec.ECOperations::setDouble (463 bytes)
Total: 2

VM state: not at safepoint (normal execution)

VM Mutex/Monitor currently owned by a thread:  ([mutex/lock_event])
[0x00007ffb1413c830] Metaspace_lock - owner thread: 0x00000237d59760f0
[0x00007ffb1413d630] MultiArray_lock - owner thread: 0x00000237d59760f0

Heap address: 0x0000000084400000, size: 1980 MB, Compressed Oops mode: 32-bit

CDS archive(s) mapped at: [0x0000023780000000-0x0000023780d00000-0x0000023780d00000), size 13631488, SharedBaseAddress: 0x0000023780000000, ArchiveRelocationMode: 1.
Compressed class space mapped at: 0x0000023781000000-0x00000237c1000000, reserved size: 1073741824
Narrow klass base: 0x0000023780000000, Narrow klass shift: 0, Narrow klass range: 0x100000000

GC Precious Log:
 CardTable entry size: 512
 Card Set container configuration: InlinePtr #cards 5 size 8 Array Of Cards #cards 12 size 40 Howl #buckets 4 coarsen threshold 1843 Howl Bitmap #cards 512 size 80 coarsen threshold 460 Card regions per heap region 1 cards per card region 2048
 CPUs: 12 total, 12 available
 Memory: 7913M
 Large Page Support: Disabled
 NUMA Support: Disabled
 Compressed Oops: Enabled (32-bit)
 Heap Region Size: 1M
 Heap Min Capacity: 8M
 Heap Initial Capacity: 124M
 Heap Max Capacity: 1980M
 Pre-touch: Disabled
 Parallel Workers: 10
 Concurrent Workers: 3
 Concurrent Refinement Workers: 10
 Periodic GC: Disabled

Heap:
 garbage-first heap   total 126976K, used 13312K [0x0000000084400000, 0x0000000100000000)
  region size 1024K, 15 young (15360K), 0 survivors (0K)
 Metaspace       used 8442K, committed 8704K, reserved 1114112K
  class space    used 977K, committed 1088K, reserved 1048576K

Heap Regions: E=young(eden), S=young(survivor), O=old, HS=humongous(starts), HC=humongous(continues), CS=collection set, F=free, TAMS=top-at-mark-start, PB=parsable bottom
|   0|0x0000000084400000, 0x0000000084400000, 0x0000000084500000|  0%| F|  |TAMS 0x0000000084400000| PB 0x0000000084400000| Untracked 
|   1|0x0000000084500000, 0x0000000084500000, 0x0000000084600000|  0%| F|  |TAMS 0x0000000084500000| PB 0x0000000084500000| Untracked 
|   2|0x0000000084600000, 0x0000000084600000, 0x0000000084700000|  0%| F|  |TAMS 0x0000000084600000| PB 0x0000000084600000| Untracked 
|   3|0x0000000084700000, 0x0000000084700000, 0x0000000084800000|  0%| F|  |TAMS 0x0000000084700000| PB 0x0000000084700000| Untracked 
|   4|0x0000000084800000, 0x0000000084800000, 0x0000000084900000|  0%| F|  |TAMS 0x0000000084800000| PB 0x0000000084800000| Untracked 
|   5|0x0000000084900000, 0x0000000084900000, 0x0000000084a00000|  0%| F|  |TAMS 0x0000000084900000| PB 0x0000000084900000| Untracked 
|   6|0x0000000084a00000, 0x0000000084a00000, 0x0000000084b00000|  0%| F|  |TAMS 0x0000000084a00000| PB 0x0000000084a00000| Untracked 
|   7|0x0000000084b00000, 0x0000000084b00000, 0x0000000084c00000|  0%| F|  |TAMS 0x0000000084b00000| PB 0x0000000084b00000| Untracked 
|   8|0x0000000084c00000, 0x0000000084c00000, 0x0000000084d00000|  0%| F|  |TAMS 0x0000000084c00000| PB 0x0000000084c00000| Untracked 
|   9|0x0000000084d00000, 0x0000000084d00000, 0x0000000084e00000|  0%| F|  |TAMS 0x0000000084d00000| PB 0x0000000084d00000| Untracked 
|  10|0x0000000084e00000, 0x0000000084e00000, 0x0000000084f00000|  0%| F|  |TAMS 0x0000000084e00000| PB 0x0000000084e00000| Untracked 
|  11|0x0000000084f00000, 0x0000000084f00000, 0x0000000085000000|  0%| F|  |TAMS 0x0000000084f00000| PB 0x0000000084f00000| Untracked 
|  12|0x0000000085000000, 0x0000000085000000, 0x0000000085100000|  0%| F|  |TAMS 0x0000000085000000| PB 0x0000000085000000| Untracked 
|  13|0x0000000085100000, 0x0000000085100000, 0x0000000085200000|  0%| F|  |TAMS 0x0000000085100000| PB 0x0000000085100000| Untracked 
|  14|0x0000000085200000, 0x0000000085200000, 0x0000000085300000|  0%| F|  |TAMS 0x0000000085200000| PB 0x0000000085200000| Untracked 
|  15|0x0000000085300000, 0x0000000085300000, 0x0000000085400000|  0%| F|  |TAMS 0x0000000085300000| PB 0x0000000085300000| Untracked 
|  16|0x0000000085400000, 0x0000000085400000, 0x0000000085500000|  0%| F|  |TAMS 0x0000000085400000| PB 0x0000000085400000| Untracked 
|  17|0x0000000085500000, 0x0000000085500000, 0x0000000085600000|  0%| F|  |TAMS 0x0000000085500000| PB 0x0000000085500000| Untracked 
|  18|0x0000000085600000, 0x0000000085600000, 0x0000000085700000|  0%| F|  |TAMS 0x0000000085600000| PB 0x0000000085600000| Untracked 
|  19|0x0000000085700000, 0x0000000085700000, 0x0000000085800000|  0%| F|  |TAMS 0x0000000085700000| PB 0x0000000085700000| Untracked 
|  20|0x0000000085800000, 0x0000000085800000, 0x0000000085900000|  0%| F|  |TAMS 0x0000000085800000| PB 0x0000000085800000| Untracked 
|  21|0x0000000085900000, 0x0000000085900000, 0x0000000085a00000|  0%| F|  |TAMS 0x0000000085900000| PB 0x0000000085900000| Untracked 
|  22|0x0000000085a00000, 0x0000000085a00000, 0x0000000085b00000|  0%| F|  |TAMS 0x0000000085a00000| PB 0x0000000085a00000| Untracked 
|  23|0x0000000085b00000, 0x0000000085b00000, 0x0000000085c00000|  0%| F|  |TAMS 0x0000000085b00000| PB 0x0000000085b00000| Untracked 
|  24|0x0000000085c00000, 0x0000000085c00000, 0x0000000085d00000|  0%| F|  |TAMS 0x0000000085c00000| PB 0x0000000085c00000| Untracked 
|  25|0x0000000085d00000, 0x0000000085d00000, 0x0000000085e00000|  0%| F|  |TAMS 0x0000000085d00000| PB 0x0000000085d00000| Untracked 
|  26|0x0000000085e00000, 0x0000000085e00000, 0x0000000085f00000|  0%| F|  |TAMS 0x0000000085e00000| PB 0x0000000085e00000| Untracked 
|  27|0x0000000085f00000, 0x0000000085f00000, 0x0000000086000000|  0%| F|  |TAMS 0x0000000085f00000| PB 0x0000000085f00000| Untracked 
|  28|0x0000000086000000, 0x0000000086000000, 0x0000000086100000|  0%| F|  |TAMS 0x0000000086000000| PB 0x0000000086000000| Untracked 
|  29|0x0000000086100000, 0x0000000086100000, 0x0000000086200000|  0%| F|  |TAMS 0x0000000086100000| PB 0x0000000086100000| Untracked 
|  30|0x0000000086200000, 0x0000000086200000, 0x0000000086300000|  0%| F|  |TAMS 0x0000000086200000| PB 0x0000000086200000| Untracked 
|  31|0x0000000086300000, 0x0000000086300000, 0x0000000086400000|  0%| F|  |TAMS 0x0000000086300000| PB 0x0000000086300000| Untracked 
|  32|0x0000000086400000, 0x0000000086400000, 0x0000000086500000|  0%| F|  |TAMS 0x0000000086400000| PB 0x0000000086400000| Untracked 
|  33|0x0000000086500000, 0x0000000086500000, 0x0000000086600000|  0%| F|  |TAMS 0x0000000086500000| PB 0x0000000086500000| Untracked 
|  34|0x0000000086600000, 0x0000000086600000, 0x0000000086700000|  0%| F|  |TAMS 0x0000000086600000| PB 0x0000000086600000| Untracked 
|  35|0x0000000086700000, 0x0000000086700000, 0x0000000086800000|  0%| F|  |TAMS 0x0000000086700000| PB 0x0000000086700000| Untracked 
|  36|0x0000000086800000, 0x0000000086800000, 0x0000000086900000|  0%| F|  |TAMS 0x0000000086800000| PB 0x0000000086800000| Untracked 
|  37|0x0000000086900000, 0x0000000086900000, 0x0000000086a00000|  0%| F|  |TAMS 0x0000000086900000| PB 0x0000000086900000| Untracked 
|  38|0x0000000086a00000, 0x0000000086a00000, 0x0000000086b00000|  0%| F|  |TAMS 0x0000000086a00000| PB 0x0000000086a00000| Untracked 
|  39|0x0000000086b00000, 0x0000000086b00000, 0x0000000086c00000|  0%| F|  |TAMS 0x0000000086b00000| PB 0x0000000086b00000| Untracked 
|  40|0x0000000086c00000, 0x0000000086c00000, 0x0000000086d00000|  0%| F|  |TAMS 0x0000000086c00000| PB 0x0000000086c00000| Untracked 
|  41|0x0000000086d00000, 0x0000000086d00000, 0x0000000086e00000|  0%| F|  |TAMS 0x0000000086d00000| PB 0x0000000086d00000| Untracked 
|  42|0x0000000086e00000, 0x0000000086e00000, 0x0000000086f00000|  0%| F|  |TAMS 0x0000000086e00000| PB 0x0000000086e00000| Untracked 
|  43|0x0000000086f00000, 0x0000000086f00000, 0x0000000087000000|  0%| F|  |TAMS 0x0000000086f00000| PB 0x0000000086f00000| Untracked 
|  44|0x0000000087000000, 0x0000000087000000, 0x0000000087100000|  0%| F|  |TAMS 0x0000000087000000| PB 0x0000000087000000| Untracked 
|  45|0x0000000087100000, 0x0000000087100000, 0x0000000087200000|  0%| F|  |TAMS 0x0000000087100000| PB 0x0000000087100000| Untracked 
|  46|0x0000000087200000, 0x0000000087200000, 0x0000000087300000|  0%| F|  |TAMS 0x0000000087200000| PB 0x0000000087200000| Untracked 
|  47|0x0000000087300000, 0x0000000087300000, 0x0000000087400000|  0%| F|  |TAMS 0x0000000087300000| PB 0x0000000087300000| Untracked 
|  48|0x0000000087400000, 0x0000000087400000, 0x0000000087500000|  0%| F|  |TAMS 0x0000000087400000| PB 0x0000000087400000| Untracked 
|  49|0x0000000087500000, 0x0000000087500000, 0x0000000087600000|  0%| F|  |TAMS 0x0000000087500000| PB 0x0000000087500000| Untracked 
|  50|0x0000000087600000, 0x0000000087600000, 0x0000000087700000|  0%| F|  |TAMS 0x0000000087600000| PB 0x0000000087600000| Untracked 
|  51|0x0000000087700000, 0x0000000087700000, 0x0000000087800000|  0%| F|  |TAMS 0x0000000087700000| PB 0x0000000087700000| Untracked 
|  52|0x0000000087800000, 0x0000000087800000, 0x0000000087900000|  0%| F|  |TAMS 0x0000000087800000| PB 0x0000000087800000| Untracked 
|  53|0x0000000087900000, 0x0000000087900000, 0x0000000087a00000|  0%| F|  |TAMS 0x0000000087900000| PB 0x0000000087900000| Untracked 
|  54|0x0000000087a00000, 0x0000000087a00000, 0x0000000087b00000|  0%| F|  |TAMS 0x0000000087a00000| PB 0x0000000087a00000| Untracked 
|  55|0x0000000087b00000, 0x0000000087b00000, 0x0000000087c00000|  0%| F|  |TAMS 0x0000000087b00000| PB 0x0000000087b00000| Untracked 
|  56|0x0000000087c00000, 0x0000000087c00000, 0x0000000087d00000|  0%| F|  |TAMS 0x0000000087c00000| PB 0x0000000087c00000| Untracked 
|  57|0x0000000087d00000, 0x0000000087d00000, 0x0000000087e00000|  0%| F|  |TAMS 0x0000000087d00000| PB 0x0000000087d00000| Untracked 
|  58|0x0000000087e00000, 0x0000000087e00000, 0x0000000087f00000|  0%| F|  |TAMS 0x0000000087e00000| PB 0x0000000087e00000| Untracked 
|  59|0x0000000087f00000, 0x0000000087f00000, 0x0000000088000000|  0%| F|  |TAMS 0x0000000087f00000| PB 0x0000000087f00000| Untracked 
|  60|0x0000000088000000, 0x0000000088000000, 0x0000000088100000|  0%| F|  |TAMS 0x0000000088000000| PB 0x0000000088000000| Untracked 
|  61|0x0000000088100000, 0x0000000088100000, 0x0000000088200000|  0%| F|  |TAMS 0x0000000088100000| PB 0x0000000088100000| Untracked 
|  62|0x0000000088200000, 0x0000000088200000, 0x0000000088300000|  0%| F|  |TAMS 0x0000000088200000| PB 0x0000000088200000| Untracked 
|  63|0x0000000088300000, 0x0000000088300000, 0x0000000088400000|  0%| F|  |TAMS 0x0000000088300000| PB 0x0000000088300000| Untracked 
|  64|0x0000000088400000, 0x0000000088400000, 0x0000000088500000|  0%| F|  |TAMS 0x0000000088400000| PB 0x0000000088400000| Untracked 
|  65|0x0000000088500000, 0x0000000088500000, 0x0000000088600000|  0%| F|  |TAMS 0x0000000088500000| PB 0x0000000088500000| Untracked 
|  66|0x0000000088600000, 0x0000000088600000, 0x0000000088700000|  0%| F|  |TAMS 0x0000000088600000| PB 0x0000000088600000| Untracked 
|  67|0x0000000088700000, 0x0000000088700000, 0x0000000088800000|  0%| F|  |TAMS 0x0000000088700000| PB 0x0000000088700000| Untracked 
|  68|0x0000000088800000, 0x0000000088800000, 0x0000000088900000|  0%| F|  |TAMS 0x0000000088800000| PB 0x0000000088800000| Untracked 
|  69|0x0000000088900000, 0x0000000088900000, 0x0000000088a00000|  0%| F|  |TAMS 0x0000000088900000| PB 0x0000000088900000| Untracked 
|  70|0x0000000088a00000, 0x0000000088a00000, 0x0000000088b00000|  0%| F|  |TAMS 0x0000000088a00000| PB 0x0000000088a00000| Untracked 
|  71|0x0000000088b00000, 0x0000000088b00000, 0x0000000088c00000|  0%| F|  |TAMS 0x0000000088b00000| PB 0x0000000088b00000| Untracked 
|  72|0x0000000088c00000, 0x0000000088c00000, 0x0000000088d00000|  0%| F|  |TAMS 0x0000000088c00000| PB 0x0000000088c00000| Untracked 
|  73|0x0000000088d00000, 0x0000000088d00000, 0x0000000088e00000|  0%| F|  |TAMS 0x0000000088d00000| PB 0x0000000088d00000| Untracked 
|  74|0x0000000088e00000, 0x0000000088e00000, 0x0000000088f00000|  0%| F|  |TAMS 0x0000000088e00000| PB 0x0000000088e00000| Untracked 
|  75|0x0000000088f00000, 0x0000000088f00000, 0x0000000089000000|  0%| F|  |TAMS 0x0000000088f00000| PB 0x0000000088f00000| Untracked 
|  76|0x0000000089000000, 0x0000000089000000, 0x0000000089100000|  0%| F|  |TAMS 0x0000000089000000| PB 0x0000000089000000| Untracked 
|  77|0x0000000089100000, 0x0000000089100000, 0x0000000089200000|  0%| F|  |TAMS 0x0000000089100000| PB 0x0000000089100000| Untracked 
|  78|0x0000000089200000, 0x0000000089200000, 0x0000000089300000|  0%| F|  |TAMS 0x0000000089200000| PB 0x0000000089200000| Untracked 
|  79|0x0000000089300000, 0x0000000089300000, 0x0000000089400000|  0%| F|  |TAMS 0x0000000089300000| PB 0x0000000089300000| Untracked 
|  80|0x0000000089400000, 0x0000000089400000, 0x0000000089500000|  0%| F|  |TAMS 0x0000000089400000| PB 0x0000000089400000| Untracked 
|  81|0x0000000089500000, 0x0000000089500000, 0x0000000089600000|  0%| F|  |TAMS 0x0000000089500000| PB 0x0000000089500000| Untracked 
|  82|0x0000000089600000, 0x0000000089600000, 0x0000000089700000|  0%| F|  |TAMS 0x0000000089600000| PB 0x0000000089600000| Untracked 
|  83|0x0000000089700000, 0x0000000089700000, 0x0000000089800000|  0%| F|  |TAMS 0x0000000089700000| PB 0x0000000089700000| Untracked 
|  84|0x0000000089800000, 0x0000000089800000, 0x0000000089900000|  0%| F|  |TAMS 0x0000000089800000| PB 0x0000000089800000| Untracked 
|  85|0x0000000089900000, 0x0000000089900000, 0x0000000089a00000|  0%| F|  |TAMS 0x0000000089900000| PB 0x0000000089900000| Untracked 
|  86|0x0000000089a00000, 0x0000000089a00000, 0x0000000089b00000|  0%| F|  |TAMS 0x0000000089a00000| PB 0x0000000089a00000| Untracked 
|  87|0x0000000089b00000, 0x0000000089b00000, 0x0000000089c00000|  0%| F|  |TAMS 0x0000000089b00000| PB 0x0000000089b00000| Untracked 
|  88|0x0000000089c00000, 0x0000000089c00000, 0x0000000089d00000|  0%| F|  |TAMS 0x0000000089c00000| PB 0x0000000089c00000| Untracked 
|  89|0x0000000089d00000, 0x0000000089d00000, 0x0000000089e00000|  0%| F|  |TAMS 0x0000000089d00000| PB 0x0000000089d00000| Untracked 
|  90|0x0000000089e00000, 0x0000000089e00000, 0x0000000089f00000|  0%| F|  |TAMS 0x0000000089e00000| PB 0x0000000089e00000| Untracked 
|  91|0x0000000089f00000, 0x0000000089f00000, 0x000000008a000000|  0%| F|  |TAMS 0x0000000089f00000| PB 0x0000000089f00000| Untracked 
|  92|0x000000008a000000, 0x000000008a000000, 0x000000008a100000|  0%| F|  |TAMS 0x000000008a000000| PB 0x000000008a000000| Untracked 
|  93|0x000000008a100000, 0x000000008a100000, 0x000000008a200000|  0%| F|  |TAMS 0x000000008a100000| PB 0x000000008a100000| Untracked 
|  94|0x000000008a200000, 0x000000008a200000, 0x000000008a300000|  0%| F|  |TAMS 0x000000008a200000| PB 0x000000008a200000| Untracked 
|  95|0x000000008a300000, 0x000000008a300000, 0x000000008a400000|  0%| F|  |TAMS 0x000000008a300000| PB 0x000000008a300000| Untracked 
|  96|0x000000008a400000, 0x000000008a400000, 0x000000008a500000|  0%| F|  |TAMS 0x000000008a400000| PB 0x000000008a400000| Untracked 
|  97|0x000000008a500000, 0x000000008a500000, 0x000000008a600000|  0%| F|  |TAMS 0x000000008a500000| PB 0x000000008a500000| Untracked 
|  98|0x000000008a600000, 0x000000008a600000, 0x000000008a700000|  0%| F|  |TAMS 0x000000008a600000| PB 0x000000008a600000| Untracked 
|  99|0x000000008a700000, 0x000000008a700000, 0x000000008a800000|  0%| F|  |TAMS 0x000000008a700000| PB 0x000000008a700000| Untracked 
| 100|0x000000008a800000, 0x000000008a800000, 0x000000008a900000|  0%| F|  |TAMS 0x000000008a800000| PB 0x000000008a800000| Untracked 
| 101|0x000000008a900000, 0x000000008a900000, 0x000000008aa00000|  0%| F|  |TAMS 0x000000008a900000| PB 0x000000008a900000| Untracked 
| 102|0x000000008aa00000, 0x000000008aa00000, 0x000000008ab00000|  0%| F|  |TAMS 0x000000008aa00000| PB 0x000000008aa00000| Untracked 
| 103|0x000000008ab00000, 0x000000008ab00000, 0x000000008ac00000|  0%| F|  |TAMS 0x000000008ab00000| PB 0x000000008ab00000| Untracked 
| 104|0x000000008ac00000, 0x000000008ac00000, 0x000000008ad00000|  0%| F|  |TAMS 0x000000008ac00000| PB 0x000000008ac00000| Untracked 
| 105|0x000000008ad00000, 0x000000008ad00000, 0x000000008ae00000|  0%| F|  |TAMS 0x000000008ad00000| PB 0x000000008ad00000| Untracked 
| 106|0x000000008ae00000, 0x000000008ae00000, 0x000000008af00000|  0%| F|  |TAMS 0x000000008ae00000| PB 0x000000008ae00000| Untracked 
| 107|0x000000008af00000, 0x000000008af00000, 0x000000008b000000|  0%| F|  |TAMS 0x000000008af00000| PB 0x000000008af00000| Untracked 
| 108|0x000000008b000000, 0x000000008b000000, 0x000000008b100000|  0%| F|  |TAMS 0x000000008b000000| PB 0x000000008b000000| Untracked 
| 109|0x000000008b100000, 0x000000008b175c40, 0x000000008b200000| 46%| E|  |TAMS 0x000000008b100000| PB 0x000000008b100000| Complete 
| 110|0x000000008b200000, 0x000000008b300000, 0x000000008b300000|100%| E|CS|TAMS 0x000000008b200000| PB 0x000000008b200000| Complete 
| 111|0x000000008b300000, 0x000000008b400000, 0x000000008b400000|100%| E|CS|TAMS 0x000000008b300000| PB 0x000000008b300000| Complete 
| 112|0x000000008b400000, 0x000000008b500000, 0x000000008b500000|100%| E|CS|TAMS 0x000000008b400000| PB 0x000000008b400000| Complete 
| 113|0x000000008b500000, 0x000000008b600000, 0x000000008b600000|100%| E|CS|TAMS 0x000000008b500000| PB 0x000000008b500000| Complete 
| 114|0x000000008b600000, 0x000000008b700000, 0x000000008b700000|100%| E|CS|TAMS 0x000000008b600000| PB 0x000000008b600000| Complete 
| 115|0x000000008b700000, 0x000000008b800000, 0x000000008b800000|100%| E|  |TAMS 0x000000008b700000| PB 0x000000008b700000| Complete 
| 116|0x000000008b800000, 0x000000008b900000, 0x000000008b900000|100%| E|CS|TAMS 0x000000008b800000| PB 0x000000008b800000| Complete 
| 117|0x000000008b900000, 0x000000008ba00000, 0x000000008ba00000|100%| E|CS|TAMS 0x000000008b900000| PB 0x000000008b900000| Complete 
| 118|0x000000008ba00000, 0x000000008bb00000, 0x000000008bb00000|100%| E|CS|TAMS 0x000000008ba00000| PB 0x000000008ba00000| Complete 
| 119|0x000000008bb00000, 0x000000008bc00000, 0x000000008bc00000|100%| E|CS|TAMS 0x000000008bb00000| PB 0x000000008bb00000| Complete 
| 120|0x000000008bc00000, 0x000000008bd00000, 0x000000008bd00000|100%| E|CS|TAMS 0x000000008bc00000| PB 0x000000008bc00000| Complete 
| 121|0x000000008bd00000, 0x000000008be00000, 0x000000008be00000|100%| E|CS|TAMS 0x000000008bd00000| PB 0x000000008bd00000| Complete 
| 122|0x000000008be00000, 0x000000008bf00000, 0x000000008bf00000|100%| E|CS|TAMS 0x000000008be00000| PB 0x000000008be00000| Complete 
| 123|0x000000008bf00000, 0x000000008c000000, 0x000000008c000000|100%| E|CS|TAMS 0x000000008bf00000| PB 0x000000008bf00000| Complete 

Card table byte_map: [0x00000237eb610000,0x00000237eb9f0000] _byte_map_base: 0x00000237eb1ee000

Marking Bits: (CMBitMap*) 0x00000237d7da0f00
 Bits: [0x00000237eb9f0000, 0x00000237ed8e0000)

Polling page: 0x00000237d5ba0000

Metaspace:

Usage:
  Non-class:      7.29 MB used.
      Class:    977.75 KB used.
       Both:      8.24 MB used.

Virtual space:
  Non-class space:       64.00 MB reserved,       7.44 MB ( 12%) committed,  1 nodes.
      Class space:        1.00 GB reserved,       1.06 MB ( <1%) committed,  1 nodes.
             Both:        1.06 GB reserved,       8.50 MB ( <1%) committed. 

Chunk freelists:
   Non-Class:  8.38 MB
       Class:  14.73 MB
        Both:  23.11 MB

MaxMetaspaceSize: unlimited
CompressedClassSpaceSize: 1.00 GB
Initial GC threshold: 21.00 MB
Current GC threshold: 21.00 MB
CDS: on
 - commit_granule_bytes: 65536.
 - commit_granule_words: 8192.
 - virtual_space_node_default_size: 8388608.
 - enlarge_chunks_in_place: 1.
 - use_allocation_guard: 0.


Internal statistics:

num_allocs_failed_limit: 0.
num_arena_births: 226.
num_arena_deaths: 0.
num_vsnodes_births: 2.
num_vsnodes_deaths: 0.
num_space_committed: 136.
num_space_uncommitted: 0.
num_chunks_returned_to_freelist: 0.
num_chunks_taken_from_freelist: 380.
num_chunk_merges: 0.
num_chunk_splits: 216.
num_chunks_enlarged: 94.
num_inconsistent_stats: 0.

CodeHeap 'non-profiled nmethods': size=120000Kb used=394Kb max_used=394Kb free=119605Kb
 bounds [0x00000237e37b0000, 0x00000237e3a20000, 0x00000237eace0000]
CodeHeap 'profiled nmethods': size=120000Kb used=1688Kb max_used=1688Kb free=118311Kb
 bounds [0x00000237dbce0000, 0x00000237dbf50000, 0x00000237e3210000]
CodeHeap 'non-nmethods': size=5760Kb used=1577Kb max_used=1603Kb free=4182Kb
 bounds [0x00000237e3210000, 0x00000237e3480000, 0x00000237e37b0000]
 total_blobs=1627 nmethods=1113 adapters=419
 compilation: enabled
              stopped_count=0, restarted_count=0
 full_count=0

Compilation events (20 events):
Event: 6.762 Thread 0x00000237f0551150 nmethod 1068 0x00000237dbe78b90 code [0x00000237dbe78d20, 0x00000237dbe78e48]
Event: 6.762 Thread 0x00000237f0551150 1069       3       java.nio.HeapByteBuffer::get (14 bytes)
Event: 6.762 Thread 0x00000237f0551150 nmethod 1069 0x00000237dbe78f10 code [0x00000237dbe790e0, 0x00000237dbe793b8]
Event: 6.762 Thread 0x00000237f0551150 1070       3       java.nio.Buffer::nextGetIndex (30 bytes)
Event: 6.762 Thread 0x00000237f0551150 nmethod 1070 0x00000237dbe79590 code [0x00000237dbe79740, 0x00000237dbe79910]
Event: 6.762 Thread 0x00000237f08e3f60 nmethod 1067 0x00000237e380c010 code [0x00000237e380c1a0, 0x00000237e380c348]
Event: 6.762 Thread 0x00000237f08e3f60 1047       4       sun.security.util.math.intpoly.IntegerPolynomialP256::reduce (40 bytes)
Event: 6.762 Thread 0x00000237f0551150 1071       3       java.util.LinkedList$ListItr::hasNext (20 bytes)
Event: 6.762 Thread 0x00000237f0551150 nmethod 1071 0x00000237dbe79a10 code [0x00000237dbe79bc0, 0x00000237dbe79d30]
Event: 6.762 Thread 0x00000237f0551150 1072       3       java.lang.Enum::hashCode (21 bytes)
Event: 6.762 Thread 0x00000237f0551150 nmethod 1072 0x00000237dbe79e10 code [0x00000237dbe79fc0, 0x00000237dbe7a148]
Event: 6.763 Thread 0x00000237f08e3f60 nmethod 1047 0x00000237e380c890 code [0x00000237e380ca20, 0x00000237e380cb58]
Event: 6.763 Thread 0x00000237f08e3f60 1065       4       sun.security.ec.ECOperations::setDouble (463 bytes)
Event: 6.765 Thread 0x00000237f054e920 nmethod 1066 0x00000237e380cc90 code [0x00000237e380ce80, 0x00000237e380d7e8]
Event: 7.806 Thread 0x00000237f0551150 1074       3       java.lang.Module::allows (60 bytes)
Event: 7.807 Thread 0x00000237f054e920 1076       4       jdk.internal.org.objectweb.asm.SymbolTable$Entry::<init> (17 bytes)
Event: 7.807 Thread 0x00000237f0551150 nmethod 1074 0x00000237dbe7a210 code [0x00000237dbe7a420, 0x00000237dbe7aa20]
Event: 7.808 Thread 0x00000237f0551150 1077       1       java.security.Provider::getName (5 bytes)
Event: 7.808 Thread 0x00000237f054e920 nmethod 1076 0x00000237e380e190 code [0x00000237e380e320, 0x00000237e380e558]
Event: 7.808 Thread 0x00000237f0551150 nmethod 1077 0x00000237e380e610 code [0x00000237e380e7a0, 0x00000237e380e868]

GC Heap History (0 events):
No events

Dll operation events (2 events):
Event: 0.009 Loaded shared library G:\IntelliJ IDEA 2024.3.1.1\jbr\bin\java.dll
Event: 0.057 Loaded shared library G:\IntelliJ IDEA 2024.3.1.1\jbr\bin\zip.dll

Deoptimization events (8 events):
Event: 0.153 Thread 0x00000237d59760f0 Uncommon trap: trap_request=0xffffff45 fr.pc=0x00000237e37c5214 relative=0x0000000000000074
Event: 0.153 Thread 0x00000237d59760f0 Uncommon trap: reason=unstable_if action=reinterpret pc=0x00000237e37c5214 method=java.lang.CharacterDataLatin1.toLowerCase(I)I @ 16 c2
Event: 0.153 Thread 0x00000237d59760f0 DEOPT PACKING pc=0x00000237e37c5214 sp=0x0000005d580faf10
Event: 0.153 Thread 0x00000237d59760f0 DEOPT UNPACKING pc=0x00000237e3267da2 sp=0x0000005d580faea0 mode 2
Event: 2.274 Thread 0x00000237d59760f0 DEOPT PACKING pc=0x00000237dbcf76cc sp=0x0000005d580fc0b0
Event: 2.274 Thread 0x00000237d59760f0 DEOPT UNPACKING pc=0x00000237e32688e2 sp=0x0000005d580fb4d0 mode 0
Event: 2.286 Thread 0x00000237d59760f0 DEOPT PACKING pc=0x00000237dbcf62cc sp=0x0000005d580fd650
Event: 2.286 Thread 0x00000237d59760f0 DEOPT UNPACKING pc=0x00000237e32688e2 sp=0x0000005d580fcab8 mode 0

Classes loaded (20 events):
Event: 7.806 Loading class sun/security/ssl/TransportContext$1 done
Event: 7.806 Loading class sun/security/ssl/SSLEngineImpl$DelegatedTask
Event: 7.806 Loading class sun/security/ssl/SSLEngineImpl$DelegatedTask done
Event: 7.807 Loading class sun/security/ssl/SSLEngineImpl$DelegatedTask$DelegatedAction
Event: 7.807 Loading class sun/security/ssl/SSLEngineImpl$DelegatedTask$DelegatedAction done
Event: 7.807 Loading class sun/security/ssl/ServerHello$ServerHelloMessage
Event: 7.807 Loading class sun/security/ssl/ServerHello$ServerHelloMessage done
Event: 7.807 Loading class sun/security/ssl/SupportedVersionsExtension$SHSupportedVersionsSpec
Event: 7.807 Loading class sun/security/ssl/SupportedVersionsExtension$SHSupportedVersionsSpec done
Event: 7.807 Loading class sun/security/ssl/HandshakeHash$T13HandshakeHash
Event: 7.807 Loading class sun/security/ssl/HandshakeHash$T13HandshakeHash done
Event: 7.808 Loading class sun/security/ssl/HandshakeHash$CloneableHash
Event: 9.828 Loading class sun/security/ssl/HandshakeHash$CloneableHash done
Event: 9.844 Loading class sun/security/ssl/KeyShareExtension$SHKeyShareSpec
Event: 9.844 Loading class sun/security/ssl/KeyShareExtension$SHKeyShareSpec done
Event: 9.844 Loading class sun/security/ssl/XDHKeyExchange$XDHECredentials
Event: 9.844 Loading class sun/security/ssl/NamedGroupCredentials
Event: 9.844 Loading class sun/security/ssl/NamedGroupCredentials done
Event: 9.844 Loading class sun/security/ssl/XDHKeyExchange$XDHECredentials done
Event: 9.844 Loading class java/security/spec/XECPublicKeySpec

Classes unloaded (0 events):
No events

Classes redefined (0 events):
No events

Internal exceptions (20 events):
Event: 2.273 Thread 0x00000237d59760f0 Exception <a 'java/lang/NoSuchMethodError'{0x000000008b939a00}: 'int java.lang.invoke.DirectMethodHandle$Holder.invokeStaticInit(java.lang.Object, long, long)'> (0x000000008b939a00) 
thrown [s\src\hotspot\share\interpreter\linkResolver.cpp, line 784]
Event: 2.273 Thread 0x00000237d59760f0 Exception <a 'java/lang/NoSuchMethodError'{0x000000008b940498}: 'int java.lang.invoke.DirectMethodHandle$Holder.invokeStaticInit(java.lang.Object, float, float)'> (0x000000008b940498) 
thrown [s\src\hotspot\share\interpreter\linkResolver.cpp, line 784]
Event: 2.274 Thread 0x00000237d59760f0 Exception <a 'java/lang/NoSuchMethodError'{0x000000008b946f28}: 'int java.lang.invoke.DirectMethodHandle$Holder.invokeStaticInit(java.lang.Object, double, double)'> (0x000000008b946f28) 
thrown [s\src\hotspot\share\interpreter\linkResolver.cpp, line 784]
Event: 2.274 Thread 0x00000237d59760f0 Exception <a 'java/lang/NoSuchMethodError'{0x000000008b94b6d8}: 'int java.lang.invoke.DirectMethodHandle$Holder.invokeStatic(java.lang.Object, long)'> (0x000000008b94b6d8) 
thrown [s\src\hotspot\share\interpreter\linkResolver.cpp, line 784]
Event: 2.277 Thread 0x00000237d59760f0 Exception <a 'java/lang/NoSuchMethodError'{0x000000008b975128}: 'java.lang.Object java.lang.invoke.DirectMethodHandle$Holder.invokeSpecial(java.lang.Object, java.lang.Object, int, java.lang.Object, java.lang.Object)'> (0x000000008b975128) 
thrown [s\src\hotspot\share\interpreter\linkResolver.cpp, line 784]
Event: 2.277 Thread 0x00000237d59760f0 Exception <a 'java/lang/NoSuchMethodError'{0x000000008b978db0}: 'java.lang.Object java.lang.invoke.DelegatingMethodHandle$Holder.delegate(java.lang.Object, int, java.lang.Object, java.lang.Object)'> (0x000000008b978db0) 
thrown [s\src\hotspot\share\interpreter\linkResolver.cpp, line 784]
Event: 2.279 Thread 0x00000237d59760f0 Exception <a 'java/lang/NoSuchMethodError'{0x000000008b9880d0}: 'int java.lang.invoke.Invokers$Holder.linkToTargetMethod(java.lang.Object, java.lang.Object, java.lang.Object)'> (0x000000008b9880d0) 
thrown [s\src\hotspot\share\interpreter\linkResolver.cpp, line 784]
Event: 2.281 Thread 0x00000237d59760f0 Exception <a 'java/lang/NoSuchMethodError'{0x000000008b9b9e98}: 'long java.lang.invoke.DirectMethodHandle$Holder.invokeSpecial(java.lang.Object, java.lang.Object)'> (0x000000008b9b9e98) 
thrown [s\src\hotspot\share\interpreter\linkResolver.cpp, line 784]
Event: 2.282 Thread 0x00000237d59760f0 Exception <a 'java/lang/NoSuchMethodError'{0x000000008b9c0768}: 'int java.lang.invoke.DirectMethodHandle$Holder.invokeStatic(java.lang.Object, java.lang.Object, java.lang.Object, java.lang.Object)'> (0x000000008b9c0768) 
thrown [s\src\hotspot\share\interpreter\linkResolver.cpp, line 784]
Event: 2.282 Thread 0x00000237d59760f0 Exception <a 'java/lang/NoSuchMethodError'{0x000000008b9c3b88}: 'java.lang.Object java.lang.invoke.Invokers$Holder.invokeExact_MT(java.lang.Object, java.lang.Object, java.lang.Object, java.lang.Object, java.lang.Object, java.lang.Object)'> (0x000000008b9c3b88) 
thrown [s\src\hotspot\share\interpreter\linkResolver.cpp, line 784]
Event: 3.641 Thread 0x00000237d59760f0 Exception <a 'java/lang/NoSuchMethodError'{0x000000008b754c60}: 'java.lang.Object java.lang.invoke.DirectMethodHandle$Holder.newInvokeSpecial(java.lang.Object, java.lang.Object, java.lang.Object, java.lang.Object, java.lang.Object)'> (0x000000008b754c60) 
thrown [s\src\hotspot\share\interpreter\linkResolver.cpp, line 784]
Event: 3.659 Thread 0x00000237d59760f0 Exception <a 'java/lang/NoSuchMethodError'{0x000000008b552ae0}: 'java.lang.Object java.lang.invoke.DirectMethodHandle$Holder.invokeSpecial(java.lang.Object, java.lang.Object, java.lang.Object, java.lang.Object, int)'> (0x000000008b552ae0) 
thrown [s\src\hotspot\share\interpreter\linkResolver.cpp, line 784]
Event: 3.659 Thread 0x00000237d59760f0 Exception <a 'java/lang/NoSuchMethodError'{0x000000008b556448}: 'java.lang.Object java.lang.invoke.Invokers$Holder.linkToTargetMethod(java.lang.Object, java.lang.Object, int, java.lang.Object)'> (0x000000008b556448) 
thrown [s\src\hotspot\share\interpreter\linkResolver.cpp, line 784]
Event: 3.663 Thread 0x00000237d59760f0 Exception <a 'java/lang/NoSuchMethodError'{0x000000008b5856d8}: 'void java.lang.invoke.DirectMethodHandle$Holder.invokeSpecial(java.lang.Object, java.lang.Object, java.lang.Object)'> (0x000000008b5856d8) 
thrown [s\src\hotspot\share\interpreter\linkResolver.cpp, line 784]
Event: 5.691 Thread 0x00000237f5098530 Exception <a 'java/lang/NoSuchMethodError'{0x000000008b796de0}: 'void java.lang.invoke.DirectMethodHandle$Holder.invokeStatic(java.lang.Object, java.lang.Object, int)'> (0x000000008b796de0) 
thrown [s\src\hotspot\share\interpreter\linkResolver.cpp, line 784]
Event: 5.691 Thread 0x00000237d59760f0 Exception <a 'java/lang/NoSuchMethodError'{0x000000008b415448}: 'void java.lang.invoke.DirectMethodHandle$Holder.invokeSpecial(java.lang.Object, java.lang.Object, java.lang.Object, java.lang.Object, java.lang.Object)'> (0x000000008b415448) 
thrown [s\src\hotspot\share\interpreter\linkResolver.cpp, line 784]
Event: 6.701 Thread 0x00000237f5098530 Exception <a 'java/lang/NoSuchMethodError'{0x000000008b7d1270}: 'void java.lang.invoke.DirectMethodHandle$Holder.invokeStatic(java.lang.Object, java.lang.Object)'> (0x000000008b7d1270) 
thrown [s\src\hotspot\share\interpreter\linkResolver.cpp, line 784]
Event: 6.702 Thread 0x00000237f50da740 Exception <a 'java/lang/NoSuchMethodError'{0x000000008b49a028}: 'void java.lang.invoke.DirectMethodHandle$Holder.invokeInterface(java.lang.Object, java.lang.Object, java.lang.Object)'> (0x000000008b49a028) 
thrown [s\src\hotspot\share\interpreter\linkResolver.cpp, line 784]
Event: 6.705 Thread 0x00000237f50da740 Exception <a 'java/lang/NoSuchMethodError'{0x000000008b4e80d0}: 'void java.lang.invoke.DirectMethodHandle$Holder.invokeVirtual(java.lang.Object, java.lang.Object)'> (0x000000008b4e80d0) 
thrown [s\src\hotspot\share\interpreter\linkResolver.cpp, line 784]
Event: 7.806 Thread 0x00000237f50da740 Exception <a 'java/lang/NoSuchMethodError'{0x000000008b100418}: 'void java.lang.invoke.DirectMethodHandle$Holder.invokeInterface(java.lang.Object, java.lang.Object)'> (0x000000008b100418) 
thrown [s\src\hotspot\share\interpreter\linkResolver.cpp, line 784]

ZGC Phase Switch (0 events):
No events

VM Operations (20 events):
Event: 0.076 Executing VM operation: HandshakeAllThreads (Deoptimize)
Event: 0.076 Executing VM operation: HandshakeAllThreads (Deoptimize) done
Event: 0.194 Executing VM operation: HandshakeAllThreads (Deoptimize)
Event: 0.194 Executing VM operation: HandshakeAllThreads (Deoptimize) done
Event: 1.209 Executing VM operation: Cleanup
Event: 1.241 Executing VM operation: Cleanup done
Event: 2.254 Executing VM operation: Cleanup
Event: 2.254 Executing VM operation: Cleanup done
Event: 3.268 Executing VM operation: Cleanup
Event: 3.347 Executing VM operation: Cleanup done
Event: 4.349 Executing VM operation: Cleanup
Event: 4.349 Executing VM operation: Cleanup done
Event: 5.693 Executing VM operation: HandshakeAllThreads (Deoptimize)
Event: 5.693 Executing VM operation: HandshakeAllThreads (Deoptimize) done
Event: 5.693 Executing VM operation: Cleanup
Event: 5.693 Executing VM operation: Cleanup done
Event: 7.711 Executing VM operation: Cleanup
Event: 7.805 Executing VM operation: Cleanup done
Event: 8.815 Executing VM operation: Cleanup
Event: 9.843 Executing VM operation: Cleanup done

Memory protections (0 events):
No events

Nmethod flushes (0 events):
No events

Events (20 events):
Event: 0.043 Thread 0x00000237d59760f0 Thread added: 0x00000237f0539d60
Event: 0.043 Thread 0x00000237d59760f0 Thread added: 0x00000237f053a3c0
Event: 0.043 Thread 0x00000237d59760f0 Thread added: 0x00000237f053aed0
Event: 0.043 Thread 0x00000237d59760f0 Thread added: 0x00000237f053bb40
Event: 0.043 Thread 0x00000237d59760f0 Thread added: 0x00000237f05481c0
Event: 0.044 Thread 0x00000237d59760f0 Thread added: 0x00000237f054a960
Event: 0.044 Thread 0x00000237d59760f0 Thread added: 0x00000237f054e920
Event: 0.044 Thread 0x00000237d59760f0 Thread added: 0x00000237f0551150
Event: 0.056 Thread 0x00000237d59760f0 Thread added: 0x00000237f07ce3f0
Event: 0.059 Thread 0x00000237d59760f0 Thread added: 0x00000237f07cec10
Event: 0.061 Loaded shared library G:\IntelliJ IDEA 2024.3.1.1\jbr\bin\net.dll
Event: 0.063 Loaded shared library G:\IntelliJ IDEA 2024.3.1.1\jbr\bin\nio.dll
Event: 0.067 Loaded shared library G:\IntelliJ IDEA 2024.3.1.1\jbr\bin\zip.dll
Event: 0.112 Loaded shared library G:\IntelliJ IDEA 2024.3.1.1\jbr\bin\jimage.dll
Event: 0.126 Loaded shared library G:\IntelliJ IDEA 2024.3.1.1\jbr\bin\sunmscapi.dll
Event: 3.568 Loaded shared library G:\IntelliJ IDEA 2024.3.1.1\jbr\bin\extnet.dll
Event: 3.638 Thread 0x00000237d59760f0 Thread added: 0x00000237f5098530
Event: 6.700 Thread 0x00000237f5098530 Thread added: 0x00000237f50da740
Event: 6.709 Thread 0x00000237f5098530 Thread added: 0x00000237f52712e0
Event: 6.733 Thread 0x00000237f0551150 Thread added: 0x00000237f08e3f60


Dynamic libraries:
0x00007ff62e820000 - 0x00007ff62e82a000 	G:\IntelliJ IDEA 2024.3.1.1\jbr\bin\java.exe
0x00007ffbaa0a0000 - 0x00007ffbaa305000 	C:\WINDOWS\SYSTEM32\ntdll.dll
0x00007ffba8f50000 - 0x00007ffba9019000 	C:\WINDOWS\System32\KERNEL32.DLL
0x00007ffba7920000 - 0x00007ffba7d08000 	C:\WINDOWS\System32\KERNELBASE.dll
0x00007ffba71f0000 - 0x00007ffba733b000 	C:\WINDOWS\System32\ucrtbase.dll
0x00007ffb9ea40000 - 0x00007ffb9ea58000 	G:\IntelliJ IDEA 2024.3.1.1\jbr\bin\jli.dll
0x00007ffb9ec90000 - 0x00007ffb9ecab000 	G:\IntelliJ IDEA 2024.3.1.1\jbr\bin\VCRUNTIME140.dll
0x00007ffba9c90000 - 0x00007ffba9e5a000 	C:\WINDOWS\System32\USER32.dll
0x00007ffba6480000 - 0x00007ffba671a000 	C:\WINDOWS\WinSxS\amd64_microsoft.windows.common-controls_6595b64144ccf1df_6.0.26100.4202_none_3e0698d4e335f517\COMCTL32.dll
0x00007ffba7340000 - 0x00007ffba7367000 	C:\WINDOWS\System32\win32u.dll
0x00007ffba7e40000 - 0x00007ffba7ee9000 	C:\WINDOWS\System32\msvcrt.dll
0x00007ffba94b0000 - 0x00007ffba94db000 	C:\WINDOWS\System32\GDI32.dll
0x00007ffba7370000 - 0x00007ffba74a7000 	C:\WINDOWS\System32\gdi32full.dll
0x00007ffba7630000 - 0x00007ffba76d3000 	C:\WINDOWS\System32\msvcp_win.dll
0x00007ffba86b0000 - 0x00007ffba86e0000 	C:\WINDOWS\System32\IMM32.DLL
0x00007ffb9ec80000 - 0x00007ffb9ec8c000 	G:\IntelliJ IDEA 2024.3.1.1\jbr\bin\vcruntime140_1.dll
0x00007ffb4c340000 - 0x00007ffb4c3cd000 	G:\IntelliJ IDEA 2024.3.1.1\jbr\bin\msvcp140.dll
0x00007ffb13470000 - 0x00007ffb14231000 	G:\IntelliJ IDEA 2024.3.1.1\jbr\bin\server\jvm.dll
0x00007ffba9bd0000 - 0x00007ffba9c83000 	C:\WINDOWS\System32\ADVAPI32.dll
0x00007ffba9890000 - 0x00007ffba9936000 	C:\WINDOWS\System32\sechost.dll
0x00007ffba9500000 - 0x00007ffba9615000 	C:\WINDOWS\System32\RPCRT4.dll
0x00007ffba96a0000 - 0x00007ffba9714000 	C:\WINDOWS\System32\WS2_32.dll
0x00007ffba6a50000 - 0x00007ffba6aae000 	C:\WINDOWS\SYSTEM32\POWRPROF.dll
0x00007ffb9a690000 - 0x00007ffb9a6c5000 	C:\WINDOWS\SYSTEM32\WINMM.dll
0x00007ffb99f10000 - 0x00007ffb99f1b000 	C:\WINDOWS\SYSTEM32\VERSION.dll
0x00007ffba6920000 - 0x00007ffba6934000 	C:\WINDOWS\SYSTEM32\UMPDC.dll
0x00007ffba5710000 - 0x00007ffba572b000 	C:\WINDOWS\SYSTEM32\kernel.appcore.dll
0x00007ffb9ec70000 - 0x00007ffb9ec7a000 	G:\IntelliJ IDEA 2024.3.1.1\jbr\bin\jimage.dll
0x00007ffba6ac0000 - 0x00007ffba6d01000 	C:\WINDOWS\SYSTEM32\DBGHELP.DLL
0x00007ffba8320000 - 0x00007ffba86a5000 	C:\WINDOWS\System32\combase.dll
0x00007ffba8230000 - 0x00007ffba8311000 	C:\WINDOWS\System32\OLEAUT32.dll
0x00007ffba6940000 - 0x00007ffba6979000 	C:\WINDOWS\SYSTEM32\dbgcore.DLL
0x00007ffba7da0000 - 0x00007ffba7e39000 	C:\WINDOWS\System32\bcryptPrimitives.dll
0x00007ffb9ec50000 - 0x00007ffb9ec70000 	G:\IntelliJ IDEA 2024.3.1.1\jbr\bin\java.dll
0x00007ffba8800000 - 0x00007ffba8f42000 	C:\WINDOWS\System32\SHELL32.dll
0x00007ffba76e0000 - 0x00007ffba7854000 	C:\WINDOWS\System32\wintypes.dll
0x00007ffba43f0000 - 0x00007ffba4c48000 	C:\WINDOWS\SYSTEM32\windows.storage.dll
0x00007ffba9e60000 - 0x00007ffba9f51000 	C:\WINDOWS\System32\SHCORE.dll
0x00007ffba7ef0000 - 0x00007ffba7f5a000 	C:\WINDOWS\System32\shlwapi.dll
0x00007ffba7100000 - 0x00007ffba712f000 	C:\WINDOWS\SYSTEM32\profapi.dll
0x00007ffb9ec30000 - 0x00007ffb9ec48000 	G:\IntelliJ IDEA 2024.3.1.1\jbr\bin\zip.dll
0x00007ffb9ec20000 - 0x00007ffb9ec30000 	G:\IntelliJ IDEA 2024.3.1.1\jbr\bin\net.dll
0x00007ffb9cea0000 - 0x00007ffb9cfbe000 	C:\WINDOWS\SYSTEM32\WINHTTP.dll
0x00007ffba5c40000 - 0x00007ffba5caa000 	C:\WINDOWS\system32\mswsock.dll
0x00007ffb9ec00000 - 0x00007ffb9ec16000 	G:\IntelliJ IDEA 2024.3.1.1\jbr\bin\nio.dll
0x00007ffb9eb90000 - 0x00007ffb9eb9e000 	G:\IntelliJ IDEA 2024.3.1.1\jbr\bin\sunmscapi.dll
0x00007ffba74b0000 - 0x00007ffba7627000 	C:\WINDOWS\System32\CRYPT32.dll
0x00007ffba6340000 - 0x00007ffba6370000 	C:\WINDOWS\SYSTEM32\ncrypt.dll
0x00007ffba62f0000 - 0x00007ffba632f000 	C:\WINDOWS\SYSTEM32\NTASN1.dll
0x00007ffba6e30000 - 0x00007ffba6e4b000 	C:\WINDOWS\SYSTEM32\CRYPTSP.dll
0x00007ffba5cb0000 - 0x00007ffba5cea000 	C:\WINDOWS\system32\rsaenh.dll
0x00007ffba6030000 - 0x00007ffba605b000 	C:\WINDOWS\SYSTEM32\USERENV.dll
0x00007ffba70d0000 - 0x00007ffba70f6000 	C:\WINDOWS\SYSTEM32\bcrypt.dll
0x00007ffba61a0000 - 0x00007ffba61ac000 	C:\WINDOWS\SYSTEM32\CRYPTBASE.dll
0x00007ffba5210000 - 0x00007ffba5243000 	C:\WINDOWS\SYSTEM32\IPHLPAPI.DLL
0x00007ffba94e0000 - 0x00007ffba94ea000 	C:\WINDOWS\System32\NSI.dll
0x00007ffb922e0000 - 0x00007ffb922e8000 	C:\WINDOWS\system32\wshunix.dll
0x00007ffb9eb70000 - 0x00007ffb9eb79000 	G:\IntelliJ IDEA 2024.3.1.1\jbr\bin\extnet.dll

dbghelp: loaded successfully - version: 4.0.5 - missing functions: none
symbol engine: initialized successfully - sym options: 0x614 - pdb path: .;G:\IntelliJ IDEA 2024.3.1.1\jbr\bin;C:\WINDOWS\SYSTEM32;C:\WINDOWS\WinSxS\amd64_microsoft.windows.common-controls_6595b64144ccf1df_6.0.26100.4202_none_3e0698d4e335f517;G:\IntelliJ IDEA 2024.3.1.1\jbr\bin\server

VM Arguments:
java_command: git4idea.http.GitAskPassApp Password for 'https://K3yyy@github.com': 
java_class_path (initial): G:/IntelliJ IDEA 2024.3.1.1/plugins/vcs-git/lib/git4idea-rt.jar;G:/IntelliJ IDEA 2024.3.1.1/lib/externalProcess-rt.jar
Launcher Type: SUN_STANDARD

[Global flags]
     intx CICompilerCount                          = 4                                         {product} {ergonomic}
     uint ConcGCThreads                            = 3                                         {product} {ergonomic}
     uint G1ConcRefinementThreads                  = 10                                        {product} {ergonomic}
   size_t G1HeapRegionSize                         = 1048576                                   {product} {ergonomic}
    uintx GCDrainStackTargetSize                   = 64                                        {product} {ergonomic}
   size_t InitialHeapSize                          = 130023424                                 {product} {ergonomic}
   size_t MarkStackSize                            = 4194304                                   {product} {ergonomic}
   size_t MaxHeapSize                              = 2076180480                                {product} {ergonomic}
   size_t MaxNewSize                               = 1245708288                                {product} {ergonomic}
   size_t MinHeapDeltaBytes                        = 1048576                                   {product} {ergonomic}
   size_t MinHeapSize                              = 8388608                                   {product} {ergonomic}
    uintx NonNMethodCodeHeapSize                   = 5839372                                {pd product} {ergonomic}
    uintx NonProfiledCodeHeapSize                  = 122909434                              {pd product} {ergonomic}
    uintx ProfiledCodeHeapSize                     = 122909434                              {pd product} {ergonomic}
    uintx ReservedCodeCacheSize                    = 251658240                              {pd product} {ergonomic}
     bool SegmentedCodeCache                       = true                                      {product} {ergonomic}
   size_t SoftMaxHeapSize                          = 2076180480                             {manageable} {ergonomic}
     bool UseCompressedOops                        = true                           {product lp64_product} {ergonomic}
     bool UseG1GC                                  = true                                      {product} {ergonomic}
     bool UseLargePagesIndividualAllocation        = false                                  {pd product} {ergonomic}

Logging:
Log output configuration:
 #0: stdout all=warning uptime,level,tags foldmultilines=false
 #1: stderr all=off uptime,level,tags foldmultilines=false

Environment Variables:
JAVA_HOME=C:\Program Files\Java\jdk-21\bin
PATH=C:\Program Files\Git\mingw64\libexec\git-core;C:\Program Files\Git\mingw64\libexec\git-core;C:\Program Files\Git\mingw64\bin;C:\Program Files\Git\usr\bin;C:\Users\Asus Tuf\bin;C:\Program Files (x86)\VMware\VMware Workstation\bin;C:\Program Files\Common Files\Oracle\Java\javapath;C:\Windows\system32;C:\Windows;C:\Windows\System32\Wbem;C:\Windows\System32\WindowsPowerShell\v1.0;C:\Windows\System32\OpenSSH;C:\Program Files (x86)\NVIDIA Corporation\PhysX\Common;C:\Program Files\NVIDIA Corporation\NVIDIA NvDLISR;C:\Program Files\dotnet;C:\Program Files\Microsoft SQL Server\150\Tools\Binn;C:\Program Files (x86)\Microsoft SQL Server\160\Tools\Binn;C:\Program Files\Microsoft SQL Server\160\Tools\Binn;C:\Program Files\Microsoft SQL Server\Client SDK\ODBC\170\Tools\Binn;C:\Program Files\Microsoft SQL Server\160\DTS\Binn;C:\WINDOWS\system32;C:\WINDOWS;C:\WINDOWS\System32\Wbem;C:\WINDOWS\System32\WindowsPowerShell\v1.0;C:\WINDOWS\System32\OpenSSH;G:\NodeJS;C:\Program Files\Git\cmd;C:\Program Files\Java\jdk-21\bin;C:\Program Files (x86)\Microsoft SQL Server\160\DTS\Binn;C:\ProgramData\chocolatey\bin;C:\Program Files\Docker\Docker\resources\bin;C:\Users\Asus Tuf\AppData\Local\Microsoft\WindowsApps;C:\MinGW\bin;G:\IntelliJ IDEA 2024.3.1.1\bin;C:\Users\Asus Tuf\AppData\Roaming\npm;G:\DataBase\Db\DataGrip 2024.3.4\bin;C:\flutter\bin;C:\Users\Asus Tuf\.dotnet\tools;C:\tools\dart-sdk\bin;C:\Users\Asus Tuf\AppData\Local\Pub\Cache\bin;C:\tools\flutter\bin;G:\Webstorm\WebStorm 2025.1.1\bin;G:\web\Microsoft VS Code\bin
USERNAME=Asus Tuf
DISPLAY=:0.0
LC_ALL=en_US.UTF-8
TERM=xterm-256color
TMPDIR=C:\Users\ASUSTU~1\AppData\Local\Temp
OS=Windows_NT
PROCESSOR_IDENTIFIER=Intel64 Family 6 Model 141 Stepping 1, GenuineIntel
TMP=C:\Users\ASUSTU~1\AppData\Local\Temp
TEMP=C:\Users\ASUSTU~1\AppData\Local\Temp




Periodic native trim disabled

JNI global refs:
JNI global refs: 20, weak refs: 0

JNI global refs memory usage: 835, weak refs: 833

Process memory usage:
Resident Set Size: 79860K (0% of 8103220K total physical memory with 536384K free physical memory)

OOME stack traces (most recent first):
Classloader memory used:
Loader bootstrap                                                                       : 6796K
Loader jdk.internal.loader.ClassLoaders$PlatformClassLoader                            : 1635K
Loader jdk.internal.loader.ClassLoaders$AppClassLoader                                 : 16400B

---------------  S Y S T E M  ---------------

OS:
 Windows 11 , 64 bit Build 26100 (10.0.26100.4202)
OS uptime: 0 days 2:53 hours
Hyper-V role detected

CPU: total 12 (initial active 12) (6 cores per cpu, 2 threads per core) family 6 model 141 stepping 1 microcode 0x50, cx8, cmov, fxsr, ht, mmx, 3dnowpref, sse, sse2, sse3, ssse3, sse4.1, sse4.2, popcnt, lzcnt, tsc, tscinvbit, avx, avx2, aes, erms, clmul, bmi1, bmi2, adx, avx512f, avx512dq, avx512cd, avx512bw, avx512vl, sha, fma, vzeroupper, avx512_vpopcntdq, avx512_vpclmulqdq, avx512_vaes, avx512_vnni, clflush, clflushopt, clwb, avx512_vbmi2, avx512_vbmi, hv, rdtscp, rdpid, fsrm, gfni, avx512_bitalg, f16c, cet_ibt, cet_ss, avx512_ifma
Processor Information for the first 12 processors :
  Max Mhz: 2688, Current Mhz: 2688, Mhz Limit: 2688

Memory: 4k page, system-wide physical 7913M (509M free)
TotalPageFile size 32489M (AvailPageFile size 0M)
current process WorkingSet (physical memory assigned to process): 78M, peak: 78M
current process commit charge ("private bytes"): 229M, peak: 230M

vm_info: OpenJDK 64-Bit Server VM (21.0.6+8-b631.39) for windows-amd64 JRE (21.0.6+8-b631.39), built on 2025-02-04 by "builduser" with MS VC++ 16.10 / 16.11 (VS2019)

END.
