#
# There is insufficient memory for the Java Runtime Environment to continue.
# Native memory allocation (mmap) failed to map 1048576 bytes. Error detail: G1 virtual space
# Possible reasons:
#   The system is out of physical RAM or swap space
#   This process is running with CompressedOops enabled, and the Java Heap may be blocking the growth of the native heap
# Possible solutions:
#   Reduce memory load on the system
#   Increase physical memory or swap space
#   Check if swap backing store is full
#   Decrease Java heap size (-Xmx/-Xms)
#   Decrease number of Java threads
#   Decrease Java thread stack sizes (-Xss)
#   Set larger code cache with -XX:ReservedCodeCacheSize=
#   JVM is running with Unscaled Compressed Oops mode in which the Java heap is
#     placed in the first 4GB address space. The Java Heap base address is the
#     maximum limit for the native heap growth. Please use -XX:HeapBaseMinAddress
#     to set the Java Heap base and to place the Java Heap above 4GB virtual address.
# This output file may be truncated or incomplete.
#
#  Out of Memory Error (os_windows.cpp:3703), pid=16188, tid=23300
#
# JRE version: OpenJDK Runtime Environment (23.0.1+11) (build 23.0.1+11-39)
# Java VM: OpenJDK 64-Bit Server VM (23.0.1+11-39, mixed mode, emulated-client, sharing, tiered, compressed oops, compressed class ptrs, g1 gc, windows-amd64)
# No core dump will be written. Minidumps are not enabled by default on client versions of Windows
#

---------------  S U M M A R Y ------------

Command Line: -XX:TieredStopAtLevel=1 -Dspring.output.ansi.enabled=always -Dcom.sun.management.jmxremote -Dspring.jmx.enabled=true -Dspring.liveBeansView.mbeanDomain -Dspring.application.admin.enabled=true -Dmanagement.endpoints.jmx.exposure.include=* -javaagent:G:\IntelliJ IDEA 2024.3.1.1\lib\idea_rt.jar=51526 -Dfile.encoding=UTF-8 -Dsun.stdout.encoding=UTF-8 -Dsun.stderr.encoding=UTF-8 com.both.testing_pilot_backend.Application

Host: 11th Gen Intel(R) Core(TM) i5-11400H @ 2.70GHz, 12 cores, 7G,  Windows 11 , 64 bit Build 26100 (10.0.26100.4202)
Time: Thu Jun 12 10:28:32 2025 SE Asia Standard Time elapsed time: 300.504325 seconds (0d 0h 5m 0s)

---------------  T H R E A D  ---------------

Current thread (0x0000021068b485f0):  WorkerThread "GC Thread#1"    [id=23300, stack(0x000000c80ed00000,0x000000c80ee00000) (1024K)]

Stack: [0x000000c80ed00000,0x000000c80ee00000]
Native frames: (J=compiled Java code, j=interpreted, Vv=VM code, C=native code)
V  [jvm.dll+0x6e08b9]  (no source info available)
V  [jvm.dll+0x87dc83]  (no source info available)
V  [jvm.dll+0x88010e]  (no source info available)
V  [jvm.dll+0x8807e3]  (no source info available)
V  [jvm.dll+0x27aee6]  (no source info available)
V  [jvm.dll+0x6dd1c5]  (no source info available)
V  [jvm.dll+0x6d104a]  (no source info available)
V  [jvm.dll+0x35b3ea]  (no source info available)
V  [jvm.dll+0x3637f6]  (no source info available)
V  [jvm.dll+0x34fa5b]  (no source info available)
V  [jvm.dll+0x3500e4]  (no source info available)
V  [jvm.dll+0x3501ad]  (no source info available)
V  [jvm.dll+0x32a0dc]  (no source info available)
V  [jvm.dll+0x329e4d]  (no source info available)
V  [jvm.dll+0x3191e5]  (no source info available)
V  [jvm.dll+0x3195b6]  (no source info available)
V  [jvm.dll+0x31a2c7]  (no source info available)
V  [jvm.dll+0x31a694]  (no source info available)
V  [jvm.dll+0x31a137]  (no source info available)
V  [jvm.dll+0x35d0c1]  (no source info available)
V  [jvm.dll+0x35d73e]  (no source info available)
V  [jvm.dll+0x35e9ff]  (no source info available)
V  [jvm.dll+0x35adfe]  (no source info available)
V  [jvm.dll+0x3684ca]  (no source info available)
V  [jvm.dll+0x36a1b9]  (no source info available)
V  [jvm.dll+0x368a2a]  (no source info available)
V  [jvm.dll+0x369e31]  (no source info available)
V  [jvm.dll+0x375153]  (no source info available)
V  [jvm.dll+0x37543b]  (no source info available)
V  [jvm.dll+0x8ae1b7]  (no source info available)
V  [jvm.dll+0x824f8b]  (no source info available)
V  [jvm.dll+0x6df065]  (no source info available)
C  [ucrtbase.dll+0x37b0]  (no source info available)
C  [KERNEL32.DLL+0x2e8d7]  (no source info available)
C  [ntdll.dll+0x3c34c]  (no source info available)


---------------  P R O C E S S  ---------------

Threads class SMR info:
_java_thread_list=0x000002106c3633f0, length=36, elements={
0x0000021022f4d020, 0x0000021022f4da80, 0x0000021022f59500, 0x0000021022f5e360,
0x0000021022f5f0e0, 0x0000021022f5f880, 0x0000021022f680b0, 0x0000021068143770,
0x00000210688a0f40, 0x00000210688a15b0, 0x0000021068a6c9b0, 0x0000021068b5f290,
0x0000021069137950, 0x00000210691393e0, 0x000002106997b130, 0x000002106997b7c0,
0x000002106997c4e0, 0x000002106bc39550, 0x000002106bc38ec0, 0x000002106bc3a270,
0x000002106bc381a0, 0x000002106bc38830, 0x000002106bc36df0, 0x000002106bc3a900,
0x000002106bc37480, 0x000002106bc3dd80, 0x000002106bc3c9d0, 0x000002106bc3d6f0,
0x000002106bc3af90, 0x000002106bc3e410, 0x000002106bc3bcb0, 0x000002106bc3b620,
0x000002106bc3d060, 0x000002106bc3c340, 0x000002106c68d6a0, 0x000002106c68c980
}

Java Threads: ( => current thread )
  0x0000021022f4d020 JavaThread "Reference Handler"          daemon [_thread_blocked, id=23032, stack(0x000000c80df00000,0x000000c80e000000) (1024K)]
  0x0000021022f4da80 JavaThread "Finalizer"                  daemon [_thread_blocked, id=12008, stack(0x000000c80e000000,0x000000c80e100000) (1024K)]
  0x0000021022f59500 JavaThread "Signal Dispatcher"          daemon [_thread_blocked, id=24104, stack(0x000000c80e100000,0x000000c80e200000) (1024K)]
  0x0000021022f5e360 JavaThread "Attach Listener"            daemon [_thread_blocked, id=12524, stack(0x000000c80e200000,0x000000c80e300000) (1024K)]
  0x0000021022f5f0e0 JavaThread "Service Thread"             daemon [_thread_blocked, id=12872, stack(0x000000c80e300000,0x000000c80e400000) (1024K)]
  0x0000021022f5f880 JavaThread "Monitor Deflation Thread"   daemon [_thread_blocked, id=23640, stack(0x000000c80e400000,0x000000c80e500000) (1024K)]
  0x0000021022f680b0 JavaThread "C1 CompilerThread0"         daemon [_thread_blocked, id=12908, stack(0x000000c80e500000,0x000000c80e600000) (1024K)]
  0x0000021068143770 JavaThread "Common-Cleaner"             daemon [_thread_blocked, id=24340, stack(0x000000c80e600000,0x000000c80e700000) (1024K)]
  0x00000210688a0f40 JavaThread "Monitor Ctrl-Break"         daemon [_thread_blocked, id=24392, stack(0x000000c80ea00000,0x000000c80eb00000) (1024K)]
  0x00000210688a15b0 JavaThread "Notification Thread"        daemon [_thread_blocked, id=15468, stack(0x000000c80eb00000,0x000000c80ec00000) (1024K)]
  0x0000021068a6c9b0 JavaThread "RMI TCP Accept-0"           daemon [_thread_in_native, id=24560, stack(0x000000c80ec00000,0x000000c80ed00000) (1024K)]
  0x0000021068b5f290 JavaThread "RMI TCP Connection(1)-192.168.42.71" daemon [_thread_blocked, id=12480, stack(0x000000c80f600000,0x000000c80f700000) (1024K)]
  0x0000021069137950 JavaThread "RMI Scheduler(0)"           daemon [_thread_blocked, id=6768, stack(0x000000c80f700000,0x000000c80f800000) (1024K)]
  0x00000210691393e0 JavaThread "JMX server connection timeout 35" daemon [_thread_blocked, id=14480, stack(0x000000c80f800000,0x000000c80f900000) (1024K)]
  0x000002106997b130 JavaThread "Catalina-utility-1"                [_thread_blocked, id=10548, stack(0x000000c80fe00000,0x000000c80ff00000) (1024K)]
  0x000002106997b7c0 JavaThread "Catalina-utility-2"                [_thread_blocked, id=4948, stack(0x000000c80ff00000,0x000000c810000000) (1024K)]
  0x000002106997c4e0 JavaThread "container-0"                       [_thread_blocked, id=12988, stack(0x000000c810000000,0x000000c810100000) (1024K)]
  0x000002106bc39550 JavaThread "Jndi-Dns-address-change-listener" daemon [_thread_in_native, id=25488, stack(0x000000c810100000,0x000000c810200000) (1024K)]
  0x000002106bc38ec0 JavaThread "lettuce-timer-3-1"          daemon [_thread_blocked, id=6600, stack(0x000000c810200000,0x000000c810300000) (1024K)]
  0x000002106bc3a270 JavaThread "File Watcher"               daemon [_thread_blocked, id=23768, stack(0x000000c810300000,0x000000c810400000) (1024K)]
  0x000002106bc381a0 JavaThread "Live Reload Server"         daemon [_thread_in_native, id=21512, stack(0x000000c810500000,0x000000c810600000) (1024K)]
  0x000002106bc38830 JavaThread "http-nio-8080-exec-1"       daemon [_thread_blocked, id=20196, stack(0x000000c810400000,0x000000c810500000) (1024K)]
  0x000002106bc36df0 JavaThread "http-nio-8080-exec-2"       daemon [_thread_blocked, id=20216, stack(0x000000c810600000,0x000000c810700000) (1024K)]
  0x000002106bc3a900 JavaThread "http-nio-8080-exec-3"       daemon [_thread_blocked, id=1612, stack(0x000000c810700000,0x000000c810800000) (1024K)]
  0x000002106bc37480 JavaThread "http-nio-8080-exec-4"       daemon [_thread_blocked, id=11828, stack(0x000000c810800000,0x000000c810900000) (1024K)]
  0x000002106bc3dd80 JavaThread "http-nio-8080-exec-5"       daemon [_thread_blocked, id=9848, stack(0x000000c810900000,0x000000c810a00000) (1024K)]
  0x000002106bc3c9d0 JavaThread "http-nio-8080-exec-6"       daemon [_thread_blocked, id=24068, stack(0x000000c810a00000,0x000000c810b00000) (1024K)]
  0x000002106bc3d6f0 JavaThread "http-nio-8080-exec-7"       daemon [_thread_blocked, id=18812, stack(0x000000c810b00000,0x000000c810c00000) (1024K)]
  0x000002106bc3af90 JavaThread "http-nio-8080-exec-8"       daemon [_thread_blocked, id=25460, stack(0x000000c810c00000,0x000000c810d00000) (1024K)]
  0x000002106bc3e410 JavaThread "http-nio-8080-exec-9"       daemon [_thread_blocked, id=25464, stack(0x000000c810d00000,0x000000c810e00000) (1024K)]
  0x000002106bc3bcb0 JavaThread "http-nio-8080-exec-10"      daemon [_thread_blocked, id=6704, stack(0x000000c810e00000,0x000000c810f00000) (1024K)]
  0x000002106bc3b620 JavaThread "http-nio-8080-Poller"       daemon [_thread_blocked, id=24212, stack(0x000000c810f00000,0x000000c811000000) (1024K)]
  0x000002106bc3d060 JavaThread "http-nio-8080-Acceptor"     daemon [_thread_in_native, id=17932, stack(0x000000c811000000,0x000000c811100000) (1024K)]
  0x000002106bc3c340 JavaThread "DestroyJavaVM"                     [_thread_blocked, id=2904, stack(0x000000c80d700000,0x000000c80d800000) (1024K)]
  0x000002106c68d6a0 JavaThread "PostgreSQL-JDBC-Cleaner"    daemon [_thread_blocked, id=16264, stack(0x000000c80e800000,0x000000c80e900000) (1024K)]
  0x000002106c68c980 JavaThread "HikariPool-1 housekeeper"   daemon [_thread_blocked, id=16276, stack(0x000000c80e900000,0x000000c80ea00000) (1024K)]
Total: 36

Other Threads:
  0x0000021022f312f0 VMThread "VM Thread"                           [id=17020, stack(0x000000c80de00000,0x000000c80df00000) (1024K)]
  0x0000021022f1dff0 WatcherThread "VM Periodic Task Thread"        [id=24084, stack(0x000000c80dd00000,0x000000c80de00000) (1024K)]
  0x00000210120b1440 WorkerThread "GC Thread#0"                     [id=16460, stack(0x000000c80d800000,0x000000c80d900000) (1024K)]
=>0x0000021068b485f0 WorkerThread "GC Thread#1"                     [id=23300, stack(0x000000c80ed00000,0x000000c80ee00000) (1024K)]
  0x0000021068b465d0 WorkerThread "GC Thread#2"                     [id=12116, stack(0x000000c80ee00000,0x000000c80ef00000) (1024K)]
  0x0000021068b471a0 WorkerThread "GC Thread#3"                     [id=24508, stack(0x000000c80ef00000,0x000000c80f000000) (1024K)]
  0x0000021068b47550 WorkerThread "GC Thread#4"                     [id=16072, stack(0x000000c80f000000,0x000000c80f100000) (1024K)]
  0x0000021068b47900 WorkerThread "GC Thread#5"                     [id=22188, stack(0x000000c80f100000,0x000000c80f200000) (1024K)]
  0x0000021068b4b360 WorkerThread "GC Thread#6"                     [id=3452, stack(0x000000c80f200000,0x000000c80f300000) (1024K)]
  0x0000021068b4b710 WorkerThread "GC Thread#7"                     [id=18324, stack(0x000000c80f300000,0x000000c80f400000) (1024K)]
  0x0000021068b4dad0 WorkerThread "GC Thread#8"                     [id=23428, stack(0x000000c80f400000,0x000000c80f500000) (1024K)]
  0x0000021068b4e6a0 WorkerThread "GC Thread#9"                     [id=24872, stack(0x000000c80f500000,0x000000c80f600000) (1024K)]
  0x00000210120c6820 ConcurrentGCThread "G1 Main Marker"            [id=10324, stack(0x000000c80d900000,0x000000c80da00000) (1024K)]
  0x00000210120c7a50 WorkerThread "G1 Conc#0"                       [id=23396, stack(0x000000c80da00000,0x000000c80db00000) (1024K)]
  0x00000210698e0430 WorkerThread "G1 Conc#1"                       [id=2772, stack(0x000000c80fc00000,0x000000c80fd00000) (1024K)]
  0x00000210698df920 WorkerThread "G1 Conc#2"                       [id=11704, stack(0x000000c80fd00000,0x000000c80fe00000) (1024K)]
  0x0000021022dee2e0 ConcurrentGCThread "G1 Refine#0"               [id=23936, stack(0x000000c80db00000,0x000000c80dc00000) (1024K)]
  0x0000021022df2b40 ConcurrentGCThread "G1 Service"                [id=17456, stack(0x000000c80dc00000,0x000000c80dd00000) (1024K)]
Total: 18

Threads with active compile tasks:
Total: 0

VM state: at safepoint (normal execution)

VM Mutex/Monitor currently owned by a thread:  ([mutex/lock_event])
[0x00007ffbd7311390] FreeList_lock - owner thread: 0x0000021068b485f0
[0x00007ffbd7313910] Threads_lock - owner thread: 0x0000021022f312f0
[0x00007ffbd7313a10] Heap_lock - owner thread: 0x00000210688a0f40

Heap address: 0x0000000084400000, size: 1980 MB, Compressed Oops mode: 32-bit

CDS archive(s) mapped at: [0x0000021023000000-0x0000021023d70000-0x0000021023d70000), size 14090240, SharedBaseAddress: 0x0000021023000000, ArchiveRelocationMode: 1.
Compressed class space mapped at: 0x0000021024000000-0x0000021064000000, reserved size: 1073741824
Narrow klass base: 0x0000021023000000, Narrow klass shift: 0, Narrow klass range: 0x41000000

GC Precious Log:
 CardTable entry size: 512
 Card Set container configuration: InlinePtr #cards 5 size 8 Array Of Cards #cards 10 size 36 Howl #buckets 4 coarsen threshold 1843 Howl Bitmap #cards 512 size 80 coarsen threshold 460 Card regions per heap region 1 cards per card region 2048
 CPUs: 12 total, 12 available
 Memory: 7913M
 Large Page Support: Disabled
 NUMA Support: Disabled
 Compressed Oops: Enabled (32-bit)
 Heap Region Size: 1M
 Heap Min Capacity: 8M
 Heap Initial Capacity: 124M
 Heap Max Capacity: 1980M
 Pre-touch: Disabled
 Parallel Workers: 10
 Concurrent Workers: 3
 Concurrent Refinement Workers: 10
 Periodic GC: Disabled

Heap:
 garbage-first heap   total reserved 2027520K, committed 95232K, used 83622K [0x0000000084400000, 0x0000000100000000)
  region size 1024K, 28 young (28672K), 2 survivors (2048K)
 Metaspace       used 78027K, committed 78784K, reserved 1179648K
  class space    used 11050K, committed 11392K, reserved 1048576K

Heap Regions: E=young(eden), S=young(survivor), O=old, HS=humongous(starts), HC=humongous(continues), CS=collection set, F=free, TAMS=top-at-mark-start, PB=parsable bottom
|   0|0x0000000084400000, 0x0000000084500000, 0x0000000084500000|100%|HS|  |TAMS 0x0000000084400000| PB 0x0000000084400000| Complete |  0
|   1|0x0000000084500000, 0x0000000084600000, 0x0000000084600000|100%| O|Cm|TAMS 0x0000000084500000| PB 0x0000000084500000| Complete |  0
|   2|0x0000000084600000, 0x0000000084700000, 0x0000000084700000|100%| O|  |TAMS 0x0000000084600000| PB 0x0000000084600000| Untracked |  0
|   3|0x0000000084700000, 0x0000000084800000, 0x0000000084800000|100%| O|  |TAMS 0x0000000084700000| PB 0x0000000084700000| Untracked |  0
|   4|0x0000000084800000, 0x0000000084900000, 0x0000000084900000|100%| O|  |TAMS 0x0000000084800000| PB 0x0000000084800000| Untracked |  0
|   5|0x0000000084900000, 0x0000000084a00000, 0x0000000084a00000|100%| O|  |TAMS 0x0000000084900000| PB 0x0000000084900000| Untracked |  0
|   6|0x0000000084a00000, 0x0000000084b00000, 0x0000000084b00000|100%| O|  |TAMS 0x0000000084a00000| PB 0x0000000084a00000| Untracked |  0
|   7|0x0000000084b00000, 0x0000000084c00000, 0x0000000084c00000|100%| O|  |TAMS 0x0000000084b00000| PB 0x0000000084b00000| Untracked |  0
|   8|0x0000000084c00000, 0x0000000084d00000, 0x0000000084d00000|100%| O|  |TAMS 0x0000000084c00000| PB 0x0000000084c00000| Untracked |  0
|   9|0x0000000084d00000, 0x0000000084e00000, 0x0000000084e00000|100%| O|  |TAMS 0x0000000084d00000| PB 0x0000000084d00000| Untracked |  0
|  10|0x0000000084e00000, 0x0000000084f00000, 0x0000000084f00000|100%| O|  |TAMS 0x0000000084e00000| PB 0x0000000084e00000| Untracked |  0
|  11|0x0000000084f00000, 0x0000000085000000, 0x0000000085000000|100%| O|CS|TAMS 0x0000000084f00000| PB 0x0000000084f00000| Complete |  0
|  12|0x0000000085000000, 0x0000000085100000, 0x0000000085100000|100%| O|Cm|TAMS 0x0000000085000000| PB 0x0000000085000000| Complete |  0
|  13|0x0000000085100000, 0x0000000085200000, 0x0000000085200000|100%| O|Cm|TAMS 0x0000000085100000| PB 0x0000000085100000| Complete |  0
|  14|0x0000000085200000, 0x0000000085300000, 0x0000000085300000|100%| O|  |TAMS 0x0000000085200000| PB 0x0000000085200000| Untracked |  0
|  15|0x0000000085300000, 0x0000000085400000, 0x0000000085400000|100%| O|Cm|TAMS 0x0000000085300000| PB 0x0000000085300000| Complete |  0
|  16|0x0000000085400000, 0x0000000085500000, 0x0000000085500000|100%| O|  |TAMS 0x0000000085400000| PB 0x0000000085400000| Untracked |  0
|  17|0x0000000085500000, 0x0000000085600000, 0x0000000085600000|100%| O|  |TAMS 0x0000000085500000| PB 0x0000000085500000| Untracked |  0
|  18|0x0000000085600000, 0x0000000085700000, 0x0000000085700000|100%| O|  |TAMS 0x0000000085600000| PB 0x0000000085600000| Untracked |  0
|  19|0x0000000085700000, 0x0000000085800000, 0x0000000085800000|100%| O|  |TAMS 0x0000000085700000| PB 0x0000000085700000| Untracked |  0
|  20|0x0000000085800000, 0x0000000085900000, 0x0000000085900000|100%| O|  |TAMS 0x0000000085800000| PB 0x0000000085800000| Untracked |  0
|  21|0x0000000085900000, 0x0000000085a00000, 0x0000000085a00000|100%| O|  |TAMS 0x0000000085900000| PB 0x0000000085900000| Untracked |  0
|  22|0x0000000085a00000, 0x0000000085b00000, 0x0000000085b00000|100%| O|  |TAMS 0x0000000085a00000| PB 0x0000000085a00000| Untracked |  0
|  23|0x0000000085b00000, 0x0000000085c00000, 0x0000000085c00000|100%| O|  |TAMS 0x0000000085b00000| PB 0x0000000085b00000| Untracked |  0
|  24|0x0000000085c00000, 0x0000000085d00000, 0x0000000085d00000|100%| O|  |TAMS 0x0000000085c00000| PB 0x0000000085c00000| Untracked |  0
|  25|0x0000000085d00000, 0x0000000085e00000, 0x0000000085e00000|100%| O|  |TAMS 0x0000000085d00000| PB 0x0000000085d00000| Untracked |  0
|  26|0x0000000085e00000, 0x0000000085f00000, 0x0000000085f00000|100%| O|CS|TAMS 0x0000000085e00000| PB 0x0000000085e00000| Complete |  0
|  27|0x0000000085f00000, 0x0000000086000000, 0x0000000086000000|100%| O|  |TAMS 0x0000000085f00000| PB 0x0000000085f00000| Untracked |  0
|  28|0x0000000086000000, 0x0000000086100000, 0x0000000086100000|100%| O|  |TAMS 0x0000000086000000| PB 0x0000000086000000| Untracked |  0
|  29|0x0000000086100000, 0x0000000086200000, 0x0000000086200000|100%| O|  |TAMS 0x0000000086100000| PB 0x0000000086100000| Untracked |  0
|  30|0x0000000086200000, 0x0000000086300000, 0x0000000086300000|100%| O|  |TAMS 0x0000000086200000| PB 0x0000000086200000| Untracked |  0
|  31|0x0000000086300000, 0x0000000086400000, 0x0000000086400000|100%| O|  |TAMS 0x0000000086300000| PB 0x0000000086300000| Untracked |  0
|  32|0x0000000086400000, 0x0000000086500000, 0x0000000086500000|100%| O|CS|TAMS 0x0000000086400000| PB 0x0000000086400000| Complete |  0
|  33|0x0000000086500000, 0x0000000086600000, 0x0000000086600000|100%| O|Cm|TAMS 0x0000000086500000| PB 0x0000000086500000| Complete |  0
|  34|0x0000000086600000, 0x0000000086700000, 0x0000000086700000|100%| O|CS|TAMS 0x0000000086600000| PB 0x0000000086600000| Complete |  0
|  35|0x0000000086700000, 0x0000000086800000, 0x0000000086800000|100%| O|CS|TAMS 0x0000000086700000| PB 0x0000000086700000| Complete |  0
|  36|0x0000000086800000, 0x0000000086900000, 0x0000000086900000|100%| O|  |TAMS 0x0000000086800000| PB 0x0000000086800000| Untracked |  0
|  37|0x0000000086900000, 0x0000000086a00000, 0x0000000086a00000|100%| O|CS|TAMS 0x0000000086900000| PB 0x0000000086900000| Complete |  0
|  38|0x0000000086a00000, 0x0000000086b00000, 0x0000000086b00000|100%| O|CS|TAMS 0x0000000086a00000| PB 0x0000000086a00000| Complete |  0
|  39|0x0000000086b00000, 0x0000000086c00000, 0x0000000086c00000|100%| O|Cm|TAMS 0x0000000086b00000| PB 0x0000000086b00000| Complete |  0
|  40|0x0000000086c00000, 0x0000000086d00000, 0x0000000086d00000|100%| O|Cm|TAMS 0x0000000086c00000| PB 0x0000000086c00000| Complete |  0
|  41|0x0000000086d00000, 0x0000000086e00000, 0x0000000086e00000|100%| O|Cm|TAMS 0x0000000086d00000| PB 0x0000000086d00000| Complete |  0
|  42|0x0000000086e00000, 0x0000000086f00000, 0x0000000086f00000|100%| O|  |TAMS 0x0000000086e00000| PB 0x0000000086e00000| Untracked |  0
|  43|0x0000000086f00000, 0x0000000087000000, 0x0000000087000000|100%| O|CS|TAMS 0x0000000086f00000| PB 0x0000000086f00000| Complete |  0
|  44|0x0000000087000000, 0x0000000087100000, 0x0000000087100000|100%| E|CS|TAMS 0x0000000087000000| PB 0x0000000087000000| Complete |  0
|  45|0x0000000087100000, 0x0000000087200000, 0x0000000087200000|100%| O|CS|TAMS 0x0000000087100000| PB 0x0000000087100000| Complete |  0
|  46|0x0000000087200000, 0x0000000087300000, 0x0000000087300000|100%| O|Cm|TAMS 0x0000000087200000| PB 0x0000000087200000| Complete |  0
|  47|0x0000000087300000, 0x0000000087400000, 0x0000000087400000|100%| O|  |TAMS 0x0000000087300000| PB 0x0000000087300000| Untracked |  0
|  48|0x0000000087400000, 0x0000000087500000, 0x0000000087500000|100%| O|CS|TAMS 0x0000000087400000| PB 0x0000000087400000| Complete |  0
|  49|0x0000000087500000, 0x0000000087600000, 0x0000000087600000|100%| O|  |TAMS 0x0000000087500000| PB 0x0000000087500000| Untracked |  0
|  50|0x0000000087600000, 0x0000000087700000, 0x0000000087700000|100%| O|  |TAMS 0x0000000087600000| PB 0x0000000087600000| Untracked |  0
|  51|0x0000000087700000, 0x0000000087800000, 0x0000000087800000|100%| O|  |TAMS 0x0000000087700000| PB 0x0000000087700000| Untracked |  0
|  52|0x0000000087800000, 0x0000000087900000, 0x0000000087900000|100%| E|CS|TAMS 0x0000000087800000| PB 0x0000000087800000| Complete |  0
|  53|0x0000000087900000, 0x0000000087a00000, 0x0000000087a00000|100%| O|  |TAMS 0x0000000087900000| PB 0x0000000087900000| Untracked |  0
|  54|0x0000000087a00000, 0x0000000087b00000, 0x0000000087b00000|100%| E|CS|TAMS 0x0000000087a00000| PB 0x0000000087a00000| Complete |  0
|  55|0x0000000087b00000, 0x0000000087c00000, 0x0000000087c00000|100%| O|  |TAMS 0x0000000087b00000| PB 0x0000000087b00000| Untracked |  0
|  56|0x0000000087c00000, 0x0000000087d00000, 0x0000000087d00000|100%| O|  |TAMS 0x0000000087c00000| PB 0x0000000087c00000| Untracked |  0
|  57|0x0000000087d00000, 0x0000000087e00000, 0x0000000087e00000|100%| E|CS|TAMS 0x0000000087d00000| PB 0x0000000087d00000| Complete |  0
|  58|0x0000000087e00000, 0x0000000087f00000, 0x0000000087f00000|100%| E|CS|TAMS 0x0000000087e00000| PB 0x0000000087e00000| Complete |  0
|  59|0x0000000087f00000, 0x0000000088000000, 0x0000000088000000|100%| O|  |TAMS 0x0000000087f00000| PB 0x0000000087f00000| Untracked |  0
|  60|0x0000000088000000, 0x0000000088100000, 0x0000000088100000|100%| O|  |TAMS 0x0000000088000000| PB 0x0000000088000000| Untracked |  0
|  61|0x0000000088100000, 0x0000000088200000, 0x0000000088200000|100%| O|  |TAMS 0x0000000088100000| PB 0x0000000088100000| Untracked |  0
|  62|0x0000000088200000, 0x0000000088300000, 0x0000000088300000|100%| O|  |TAMS 0x0000000088200000| PB 0x0000000088200000| Untracked |  0
|  63|0x0000000088300000, 0x000000008835ffc0, 0x0000000088400000| 37%| S|  |TAMS 0x0000000088300000| PB 0x0000000088300000| Complete |  0
|  64|0x0000000088400000, 0x0000000088500000, 0x0000000088500000|100%| S|  |TAMS 0x0000000088400000| PB 0x0000000088400000| Complete |  0
|  65|0x0000000088500000, 0x0000000088600000, 0x0000000088600000|100%| E|CS|TAMS 0x0000000088500000| PB 0x0000000088500000| Complete |  0
|  66|0x0000000088600000, 0x0000000088700000, 0x0000000088700000|100%| E|CS|TAMS 0x0000000088600000| PB 0x0000000088600000| Complete |  0
|  67|0x0000000088700000, 0x0000000088800000, 0x0000000088800000|100%| E|CS|TAMS 0x0000000088700000| PB 0x0000000088700000| Complete |  0
|  68|0x0000000088800000, 0x0000000088900000, 0x0000000088900000|100%| E|CS|TAMS 0x0000000088800000| PB 0x0000000088800000| Complete |  0
|  69|0x0000000088900000, 0x0000000088a00000, 0x0000000088a00000|100%| E|CS|TAMS 0x0000000088900000| PB 0x0000000088900000| Complete |  0
|  70|0x0000000088a00000, 0x0000000088b00000, 0x0000000088b00000|100%| E|CS|TAMS 0x0000000088a00000| PB 0x0000000088a00000| Complete |  0
|  71|0x0000000088b00000, 0x0000000088c00000, 0x0000000088c00000|100%| E|CS|TAMS 0x0000000088b00000| PB 0x0000000088b00000| Complete |  0
|  72|0x0000000088c00000, 0x0000000088d00000, 0x0000000088d00000|100%| E|CS|TAMS 0x0000000088c00000| PB 0x0000000088c00000| Complete |  0
|  73|0x0000000088d00000, 0x0000000088e00000, 0x0000000088e00000|100%| E|CS|TAMS 0x0000000088d00000| PB 0x0000000088d00000| Complete |  0
|  74|0x0000000088e00000, 0x0000000088f00000, 0x0000000088f00000|100%| E|CS|TAMS 0x0000000088e00000| PB 0x0000000088e00000| Complete |  0
|  75|0x0000000088f00000, 0x0000000089000000, 0x0000000089000000|100%| E|CS|TAMS 0x0000000088f00000| PB 0x0000000088f00000| Complete |  0
|  76|0x0000000089000000, 0x0000000089100000, 0x0000000089100000|100%| E|CS|TAMS 0x0000000089000000| PB 0x0000000089000000| Complete |  0
|  77|0x0000000089100000, 0x0000000089200000, 0x0000000089200000|100%| E|CS|TAMS 0x0000000089100000| PB 0x0000000089100000| Complete |  0
|  78|0x0000000089200000, 0x0000000089300000, 0x0000000089300000|100%| E|CS|TAMS 0x0000000089200000| PB 0x0000000089200000| Complete |  0
|  79|0x0000000089300000, 0x0000000089400000, 0x0000000089400000|100%| E|CS|TAMS 0x0000000089300000| PB 0x0000000089300000| Complete |  0
|  80|0x0000000089400000, 0x0000000089500000, 0x0000000089500000|100%| E|CS|TAMS 0x0000000089400000| PB 0x0000000089400000| Complete |  0
|  81|0x0000000089500000, 0x0000000089600000, 0x0000000089600000|100%| E|CS|TAMS 0x0000000089500000| PB 0x0000000089500000| Complete |  0
|  82|0x0000000089600000, 0x0000000089700000, 0x0000000089700000|100%| E|CS|TAMS 0x0000000089600000| PB 0x0000000089600000| Complete |  0
| 106|0x000000008ae00000, 0x000000008af00000, 0x000000008af00000|100%| E|CS|TAMS 0x000000008ae00000| PB 0x000000008ae00000| Complete |  0
| 107|0x000000008af00000, 0x000000008b000000, 0x000000008b000000|100%| E|CS|TAMS 0x000000008af00000| PB 0x000000008af00000| Complete |  0
| 108|0x000000008b000000, 0x000000008b100000, 0x000000008b100000|100%| E|CS|TAMS 0x000000008b000000| PB 0x000000008b000000| Complete |  0
| 109|0x000000008b100000, 0x000000008b200000, 0x000000008b200000|100%| E|CS|TAMS 0x000000008b100000| PB 0x000000008b100000| Complete |  0
| 110|0x000000008b200000, 0x000000008b300000, 0x000000008b300000|100%| E|CS|TAMS 0x000000008b200000| PB 0x000000008b200000| Complete |  0
| 123|0x000000008bf00000, 0x000000008c000000, 0x000000008c000000|100%| E|CS|TAMS 0x000000008bf00000| PB 0x000000008bf00000| Complete |  0
|1976|0x00000000ffc00000, 0x00000000ffd00000, 0x00000000ffd00000|100%| O|  |TAMS 0x00000000ffc00000| PB 0x00000000ffc00000| Untracked |  0
|1977|0x00000000ffd00000, 0x00000000ffe00000, 0x00000000ffe00000|100%| E|CS|TAMS 0x00000000ffd00000| PB 0x00000000ffd00000| Complete |  0
|1978|0x00000000ffe00000, 0x00000000fff00000, 0x00000000fff00000|100%| E|CS|TAMS 0x00000000ffe00000| PB 0x00000000ffe00000| Complete |  0
|1979|0x00000000fff00000, 0x0000000100000000, 0x0000000100000000|100%| O|Cm|TAMS 0x00000000fff00000| PB 0x00000000fff00000| Complete |  0

Card table byte_map: [0x000002101df90000,0x000002101e370000] _byte_map_base: 0x000002101db6e000

Marking Bits: (CMBitMap*) 0x00000210120b1a60
 Bits: [0x000002101e370000, 0x0000021020260000)

Polling page: 0x000002100fe30000

Metaspace:

Usage:
  Non-class:     65.41 MB used.
      Class:     10.79 MB used.
       Both:     76.20 MB used.

Virtual space:
  Non-class space:      128.00 MB reserved,      65.81 MB ( 51%) committed,  2 nodes.
      Class space:        1.00 GB reserved,      11.12 MB (  1%) committed,  1 nodes.
             Both:        1.12 GB reserved,      76.94 MB (  7%) committed. 

Chunk freelists:
   Non-Class:  14.08 MB
       Class:  4.73 MB
        Both:  18.81 MB

MaxMetaspaceSize: unlimited
CompressedClassSpaceSize: 1.00 GB
Initial GC threshold: 21.00 MB
Current GC threshold: 119.00 MB
CDS: on
 - commit_granule_bytes: 65536.
 - commit_granule_words: 8192.
 - virtual_space_node_default_size: 8388608.
 - enlarge_chunks_in_place: 1.
 - use_allocation_guard: 0.


Internal statistics:

num_allocs_failed_limit: 6.
num_arena_births: 1606.
num_arena_deaths: 614.
num_vsnodes_births: 3.
num_vsnodes_deaths: 0.
num_space_committed: 1231.
num_space_uncommitted: 0.
num_chunks_returned_to_freelist: 672.
num_chunks_taken_from_freelist: 4721.
num_chunk_merges: 170.
num_chunk_splits: 3003.
num_chunks_enlarged: 2278.
num_inconsistent_stats: 0.

CodeCache: size=49152Kb used=12135Kb max_used=15152Kb free=37016Kb
 bounds [0x000002101a770000, 0x000002101b6b0000, 0x000002101d770000]
 total_blobs=8764, nmethods=7983, adapters=705, full_count=0
Compilation: enabled, stopped_count=0, restarted_count=0

Compilation events (20 events):
Event: 263.999 Thread 0x0000021022f680b0 10122       1       org.apache.coyote.AbstractProtocol::lambda$startAsyncTimeout$1 (46 bytes)
Event: 263.999 Thread 0x0000021022f680b0 nmethod 10122 0x000002101adcbb88 code [0x000002101adcbce0, 0x000002101adcbf38]
Event: 266.217 Thread 0x0000021022f680b0 10123       1       org.apache.catalina.webresources.Cache$$Lambda/0x0000021024929960::applyAsLong (8 bytes)
Event: 266.217 Thread 0x0000021022f680b0 nmethod 10123 0x000002101adeff08 code [0x000002101adf0020, 0x000002101adf0130]
Event: 268.847 Thread 0x0000021022f680b0 10124       1       org.springframework.boot.devtools.filewatch.DirectorySnapshot::<init> (70 bytes)
Event: 268.848 Thread 0x0000021022f680b0 nmethod 10124 0x000002101aefe908 code [0x000002101aefeb00, 0x000002101aeff360]
Event: 268.848 Thread 0x0000021022f680b0 10125       1       org.springframework.boot.devtools.filewatch.DirectorySnapshot$$Lambda/0x000002102490d238::<init> (10 bytes)
Event: 268.848 Thread 0x0000021022f680b0 nmethod 10125 0x000002101adf2188 code [0x000002101adf22a0, 0x000002101adf23b0]
Event: 269.069 Thread 0x0000021022f680b0 10126       1       java.lang.invoke.LambdaForm$DMH/0x0000021024109c00::invokeInterface (25 bytes)
Event: 269.069 Thread 0x0000021022f680b0 nmethod 10126 0x000002101adf4288 code [0x000002101adf43c0, 0x000002101adf4550]
Event: 269.069 Thread 0x0000021022f680b0 10127       1       com.sun.management.internal.OperatingSystemImpl::getProcessCpuLoad (5 bytes)
Event: 269.069 Thread 0x0000021022f680b0 nmethod 10127 0x000002101adf5788 code [0x000002101adf58a0, 0x000002101adf5980]
Event: 269.096 Thread 0x0000021022f680b0 10128       1       java.lang.invoke.DirectMethodHandle$Holder::invokeStatic (14 bytes)
Event: 269.096 Thread 0x0000021022f680b0 nmethod 10128 0x000002101adf6308 code [0x000002101adf6420, 0x000002101adf6540]
Event: 269.096 Thread 0x0000021022f680b0 10129       1       sun.invoke.util.ValueConversions::boxDouble (5 bytes)
Event: 269.096 Thread 0x0000021022f680b0 nmethod 10129 0x000002101adf8888 code [0x000002101adf89a0, 0x000002101adf8ab0]
Event: 269.269 Thread 0x0000021022f680b0 10130       1       org.springframework.boot.devtools.filewatch.FileSystemWatcher$Watcher::scan (63 bytes)
Event: 269.269 Thread 0x0000021022f680b0 nmethod 10130 0x000002101ade4f88 code [0x000002101ade5140, 0x000002101ade5508]
Event: 269.872 Thread 0x0000021022f680b0 10131       1       org.springframework.boot.devtools.filewatch.FileSystemWatcher$Watcher::getCurrentSnapshots (63 bytes)
Event: 269.872 Thread 0x0000021022f680b0 nmethod 10131 0x000002101adf7d88 code [0x000002101adf7f20, 0x000002101adf8318]

GC Heap History (20 events):
Event: 7.365 GC heap after
{Heap after GC invocations=22 (full 0):
 garbage-first heap   total reserved 2027520K, committed 77824K, used 46094K [0x0000000084400000, 0x0000000100000000)
  region size 1024K, 4 young (4096K), 4 survivors (4096K)
 Metaspace       used 58789K, committed 59584K, reserved 1114112K
  class space    used 8259K, committed 8576K, reserved 1048576K
}
Event: 7.608 GC heap before
{Heap before GC invocations=23 (full 0):
 garbage-first heap   total reserved 2027520K, committed 78848K, used 67598K [0x0000000084400000, 0x0000000100000000)
  region size 1024K, 25 young (25600K), 4 survivors (4096K)
 Metaspace       used 60972K, committed 61824K, reserved 1114112K
  class space    used 8548K, committed 8896K, reserved 1048576K
}
Event: 7.611 GC heap after
{Heap after GC invocations=24 (full 0):
 garbage-first heap   total reserved 2027520K, committed 78848K, used 47849K [0x0000000084400000, 0x0000000100000000)
  region size 1024K, 4 young (4096K), 4 survivors (4096K)
 Metaspace       used 60972K, committed 61824K, reserved 1114112K
  class space    used 8548K, committed 8896K, reserved 1048576K
}
Event: 7.807 GC heap before
{Heap before GC invocations=24 (full 0):
 garbage-first heap   total reserved 2027520K, committed 78848K, used 67305K [0x0000000084400000, 0x0000000100000000)
  region size 1024K, 24 young (24576K), 4 survivors (4096K)
 Metaspace       used 62607K, committed 63488K, reserved 1114112K
  class space    used 8794K, committed 9152K, reserved 1048576K
}
Event: 7.812 GC heap after
{Heap after GC invocations=25 (full 0):
 garbage-first heap   total reserved 2027520K, committed 95232K, used 48635K [0x0000000084400000, 0x0000000100000000)
  region size 1024K, 2 young (2048K), 2 survivors (2048K)
 Metaspace       used 62607K, committed 63488K, reserved 1114112K
  class space    used 8794K, committed 9152K, reserved 1048576K
}
Event: 21.705 GC heap before
{Heap before GC invocations=25 (full 0):
 garbage-first heap   total reserved 2027520K, committed 95232K, used 86523K [0x0000000084400000, 0x0000000100000000)
  region size 1024K, 39 young (39936K), 2 survivors (2048K)
 Metaspace       used 66473K, committed 67392K, reserved 1114112K
  class space    used 9386K, committed 9792K, reserved 1048576K
}
Event: 21.709 GC heap after
{Heap after GC invocations=26 (full 0):
 garbage-first heap   total reserved 2027520K, committed 95232K, used 51839K [0x0000000084400000, 0x0000000100000000)
  region size 1024K, 5 young (5120K), 5 survivors (5120K)
 Metaspace       used 66473K, committed 67392K, reserved 1114112K
  class space    used 9386K, committed 9792K, reserved 1048576K
}
Event: 22.129 GC heap before
{Heap before GC invocations=26 (full 0):
 garbage-first heap   total reserved 2027520K, committed 95232K, used 82559K [0x0000000084400000, 0x0000000100000000)
  region size 1024K, 36 young (36864K), 5 survivors (5120K)
 Metaspace       used 68250K, committed 69248K, reserved 1114112K
  class space    used 9735K, committed 10176K, reserved 1048576K
}
Event: 22.134 GC heap after
{Heap after GC invocations=27 (full 0):
 garbage-first heap   total reserved 2027520K, committed 95232K, used 53971K [0x0000000084400000, 0x0000000100000000)
  region size 1024K, 3 young (3072K), 3 survivors (3072K)
 Metaspace       used 68250K, committed 69248K, reserved 1114112K
  class space    used 9735K, committed 10176K, reserved 1048576K
}
Event: 22.394 GC heap before
{Heap before GC invocations=27 (full 0):
 garbage-first heap   total reserved 2027520K, committed 95232K, used 84691K [0x0000000084400000, 0x0000000100000000)
  region size 1024K, 33 young (33792K), 3 survivors (3072K)
 Metaspace       used 68355K, committed 69312K, reserved 1114112K
  class space    used 9748K, committed 10176K, reserved 1048576K
}
Event: 22.396 GC heap after
{Heap after GC invocations=28 (full 0):
 garbage-first heap   total reserved 2027520K, committed 95232K, used 54044K [0x0000000084400000, 0x0000000100000000)
  region size 1024K, 3 young (3072K), 3 survivors (3072K)
 Metaspace       used 68355K, committed 69312K, reserved 1114112K
  class space    used 9748K, committed 10176K, reserved 1048576K
}
Event: 35.567 GC heap before
{Heap before GC invocations=29 (full 0):
 garbage-first heap   total reserved 2027520K, committed 95232K, used 84764K [0x0000000084400000, 0x0000000100000000)
  region size 1024K, 33 young (33792K), 3 survivors (3072K)
 Metaspace       used 68495K, committed 69504K, reserved 1114112K
  class space    used 9784K, committed 10240K, reserved 1048576K
}
Event: 35.570 GC heap after
{Heap after GC invocations=30 (full 0):
 garbage-first heap   total reserved 2027520K, committed 95232K, used 54747K [0x0000000084400000, 0x0000000100000000)
  region size 1024K, 4 young (4096K), 4 survivors (4096K)
 Metaspace       used 68495K, committed 69504K, reserved 1114112K
  class space    used 9784K, committed 10240K, reserved 1048576K
}
Event: 152.546 GC heap before
{Heap before GC invocations=30 (full 0):
 garbage-first heap   total reserved 2027520K, committed 95232K, used 83419K [0x0000000084400000, 0x0000000100000000)
  region size 1024K, 32 young (32768K), 4 survivors (4096K)
 Metaspace       used 68595K, committed 69568K, reserved 1114112K
  class space    used 9802K, committed 10240K, reserved 1048576K
}
Event: 152.629 GC heap after
{Heap after GC invocations=31 (full 0):
 garbage-first heap   total reserved 2027520K, committed 95232K, used 53289K [0x0000000084400000, 0x0000000100000000)
  region size 1024K, 2 young (2048K), 2 survivors (2048K)
 Metaspace       used 68595K, committed 69568K, reserved 1114112K
  class space    used 9802K, committed 10240K, reserved 1048576K
}
Event: 216.730 GC heap before
{Heap before GC invocations=31 (full 0):
 garbage-first heap   total reserved 2027520K, committed 95232K, used 85033K [0x0000000084400000, 0x0000000100000000)
  region size 1024K, 34 young (34816K), 2 survivors (2048K)
 Metaspace       used 71579K, committed 72576K, reserved 1114112K
  class space    used 10142K, committed 10560K, reserved 1048576K
}
Event: 216.740 GC heap after
{Heap after GC invocations=32 (full 0):
 garbage-first heap   total reserved 2027520K, committed 95232K, used 53886K [0x0000000084400000, 0x0000000100000000)
  region size 1024K, 2 young (2048K), 2 survivors (2048K)
 Metaspace       used 71579K, committed 72576K, reserved 1114112K
  class space    used 10142K, committed 10560K, reserved 1048576K
}
Event: 247.167 GC heap before
{Heap before GC invocations=33 (full 0):
 garbage-first heap   total reserved 2027520K, committed 95232K, used 85630K [0x0000000084400000, 0x0000000100000000)
  region size 1024K, 34 young (34816K), 2 survivors (2048K)
 Metaspace       used 74035K, committed 74752K, reserved 1114112K
  class space    used 10538K, committed 10880K, reserved 1048576K
}
Event: 247.175 GC heap after
{Heap after GC invocations=34 (full 0):
 garbage-first heap   total reserved 2027520K, committed 95232K, used 56998K [0x0000000084400000, 0x0000000100000000)
  region size 1024K, 5 young (5120K), 5 survivors (5120K)
 Metaspace       used 74035K, committed 74752K, reserved 1114112K
  class space    used 10538K, committed 10880K, reserved 1048576K
}
Event: 300.481 GC heap before
{Heap before GC invocations=34 (full 0):
 garbage-first heap   total reserved 2027520K, committed 95232K, used 83622K [0x0000000084400000, 0x0000000100000000)
  region size 1024K, 31 young (31744K), 5 survivors (5120K)
 Metaspace       used 78027K, committed 78784K, reserved 1179648K
  class space    used 11050K, committed 11392K, reserved 1048576K
}

Dll operation events (12 events):
Event: 0.013 Loaded shared library C:\Users\Asus Tuf\.jdks\openjdk-23.0.1\bin\java.dll
Event: 0.152 Loaded shared library C:\Users\Asus Tuf\.jdks\openjdk-23.0.1\bin\zip.dll
Event: 0.155 Loaded shared library C:\Users\Asus Tuf\.jdks\openjdk-23.0.1\bin\instrument.dll
Event: 0.159 Loaded shared library C:\Users\Asus Tuf\.jdks\openjdk-23.0.1\bin\net.dll
Event: 0.160 Loaded shared library C:\Users\Asus Tuf\.jdks\openjdk-23.0.1\bin\nio.dll
Event: 0.165 Loaded shared library C:\Users\Asus Tuf\.jdks\openjdk-23.0.1\bin\zip.dll
Event: 0.208 Loaded shared library C:\Users\Asus Tuf\.jdks\openjdk-23.0.1\bin\jimage.dll
Event: 1.568 Loaded shared library C:\Users\Asus Tuf\.jdks\openjdk-23.0.1\bin\extnet.dll
Event: 1.592 Loaded shared library C:\Users\Asus Tuf\.jdks\openjdk-23.0.1\bin\management.dll
Event: 1.605 Loaded shared library C:\Users\Asus Tuf\.jdks\openjdk-23.0.1\bin\management_ext.dll
Event: 2.942 Loaded shared library C:\Users\Asus Tuf\.jdks\openjdk-23.0.1\bin\sunmscapi.dll
Event: 4.742 Loaded shared library C:\Users\Asus Tuf\.jdks\openjdk-23.0.1\bin\verify.dll

Deoptimization events (8 events):
Event: 6.683 Thread 0x000002106957bf00 DEOPT PACKING pc=0x000002101b1e9ecc sp=0x000000c80fafb890
Event: 6.683 Thread 0x000002106957bf00 DEOPT UNPACKING pc=0x000002101a7c84c2 sp=0x000000c80fafaf70 mode 0
Event: 6.691 Thread 0x000002106957bf00 DEOPT PACKING pc=0x000002101b1eab84 sp=0x000000c80fafce40
Event: 6.691 Thread 0x000002106957bf00 DEOPT UNPACKING pc=0x000002101a7c84c2 sp=0x000000c80fafc440 mode 0
Event: 6.747 Thread 0x000002106957bf00 DEOPT PACKING pc=0x000002101b1eab84 sp=0x000000c80fafe230
Event: 6.747 Thread 0x000002106957bf00 DEOPT UNPACKING pc=0x000002101a7c84c2 sp=0x000000c80fafd830 mode 0
Event: 249.682 Thread 0x000002106bc3c9d0 DEOPT PACKING pc=0x000002101a88f7c3 sp=0x000000c810af77a0
Event: 249.683 Thread 0x000002106bc3c9d0 DEOPT UNPACKING pc=0x000002101a7c84c2 sp=0x000000c810af6b90 mode 3

Classes loaded (20 events):
Event: 248.674 Loading class com/sun/crypto/provider/GaloisCounterMode$GCMEncrypt done
Event: 248.674 Loading class com/sun/crypto/provider/GaloisCounterMode$EncryptOp
Event: 248.674 Loading class com/sun/crypto/provider/GaloisCounterMode$EncryptOp done
Event: 248.674 Loading class javax/net/ssl/SSLEngineResult$HandshakeStatus
Event: 248.674 Loading class javax/net/ssl/SSLEngineResult$HandshakeStatus done
Event: 248.675 Loading class jdk/internal/event/TLSHandshakeEvent
Event: 248.675 Loading class jdk/internal/event/TLSHandshakeEvent done
Event: 248.921 Loading class sun/security/ssl/PostHandshakeContext
Event: 248.922 Loading class sun/security/ssl/PostHandshakeContext done
Event: 248.922 Loading class sun/security/ssl/NewSessionTicket$T13NewSessionTicketMessage
Event: 248.922 Loading class sun/security/ssl/NewSessionTicket$NewSessionTicketMessage
Event: 248.922 Loading class sun/security/ssl/NewSessionTicket$NewSessionTicketMessage done
Event: 248.923 Loading class sun/security/ssl/NewSessionTicket$T13NewSessionTicketMessage done
Event: 251.750 Loading class sun/security/ssl/Alert
Event: 251.750 Loading class sun/security/ssl/Alert done
Event: 251.750 Loading class sun/security/ssl/Alert$AlertConsumer
Event: 251.750 Loading class sun/security/ssl/Alert$AlertConsumer done
Event: 251.750 Loading class sun/security/ssl/Alert$Level
Event: 251.751 Loading class sun/security/ssl/Alert$Level done
Event: 300.479 Loading class sun/net/ConnectionResetException

Classes unloaded (20 events):
Event: 216.802 Thread 0x0000021022f312f0 Unloading class 0x000002102400d400 'java/lang/invoke/LambdaForm$DMH+0x000002102400d400'
Event: 216.802 Thread 0x0000021022f312f0 Unloading class 0x000002102400d000 'java/lang/invoke/LambdaForm$DMH+0x000002102400d000'
Event: 216.802 Thread 0x0000021022f312f0 Unloading class 0x000002102400c400 'java/lang/invoke/LambdaForm$MH+0x000002102400c400'
Event: 216.802 Thread 0x0000021022f312f0 Unloading class 0x000002102400b800 'java/lang/invoke/LambdaForm$MH+0x000002102400b800'
Event: 216.802 Thread 0x0000021022f312f0 Unloading class 0x000002102400b400 'java/lang/invoke/LambdaForm$MH+0x000002102400b400'
Event: 216.802 Thread 0x0000021022f312f0 Unloading class 0x000002102400b000 'java/lang/invoke/LambdaForm$MH+0x000002102400b000'
Event: 216.802 Thread 0x0000021022f312f0 Unloading class 0x000002102400a800 'java/lang/invoke/LambdaForm$MH+0x000002102400a800'
Event: 216.802 Thread 0x0000021022f312f0 Unloading class 0x0000021024009c00 'java/lang/invoke/LambdaForm$MH+0x0000021024009c00'
Event: 216.802 Thread 0x0000021022f312f0 Unloading class 0x0000021024008400 'java/lang/invoke/LambdaForm$MH+0x0000021024008400'
Event: 216.802 Thread 0x0000021022f312f0 Unloading class 0x0000021024007800 'java/lang/invoke/LambdaForm$MH+0x0000021024007800'
Event: 216.802 Thread 0x0000021022f312f0 Unloading class 0x0000021024007400 'java/lang/invoke/LambdaForm$MH+0x0000021024007400'
Event: 216.802 Thread 0x0000021022f312f0 Unloading class 0x0000021024006c00 'java/lang/invoke/LambdaForm$MH+0x0000021024006c00'
Event: 216.802 Thread 0x0000021022f312f0 Unloading class 0x0000021024006400 'java/lang/invoke/LambdaForm$MH+0x0000021024006400'
Event: 216.802 Thread 0x0000021022f312f0 Unloading class 0x0000021024005c00 'java/lang/invoke/LambdaForm$MH+0x0000021024005c00'
Event: 216.802 Thread 0x0000021022f312f0 Unloading class 0x0000021024005400 'java/lang/invoke/LambdaForm$MH+0x0000021024005400'
Event: 216.802 Thread 0x0000021022f312f0 Unloading class 0x0000021024004c00 'java/lang/invoke/LambdaForm$MH+0x0000021024004c00'
Event: 216.802 Thread 0x0000021022f312f0 Unloading class 0x0000021024003000 'java/lang/invoke/LambdaForm$MH+0x0000021024003000'
Event: 216.802 Thread 0x0000021022f312f0 Unloading class 0x0000021024002c00 'java/lang/invoke/LambdaForm$MH+0x0000021024002c00'
Event: 216.802 Thread 0x0000021022f312f0 Unloading class 0x0000021024002800 'java/lang/invoke/LambdaForm$MH+0x0000021024002800'
Event: 216.802 Thread 0x0000021022f312f0 Unloading class 0x0000021024002000 'java/lang/invoke/LambdaForm$MH+0x0000021024002000'

Classes redefined (0 events):
No events

Internal exceptions (20 events):
Event: 7.965 Thread 0x000002106957bf00 Exception <a 'java/lang/IncompatibleClassChangeError'{0x0000000089098130}: Found class java.lang.Object, but interface was expected> (0x0000000089098130) 
thrown [s\open\src\hotspot\share\interpreter\linkResolver.cpp, line 863]
Event: 7.966 Thread 0x000002106957bf00 Exception <a 'java/lang/NullPointerException'{0x000000008909aa60}> (0x000000008909aa60) 
thrown [s\open\src\hotspot\share\interpreter\linkResolver.cpp, line 1389]
Event: 7.975 Thread 0x000002106957bf00 Exception <a 'java/lang/NoSuchMethodError'{0x0000000088f46248}: 'java.lang.Object java.lang.invoke.DirectMethodHandle$Holder.newInvokeSpecial(java.lang.Object, java.lang.Object, int, java.lang.Object, java.lang.Object)'> (0x0000000088f46248) 
thrown [s\open\src\hotspot\share\interpreter\linkResolver.cpp, line 796]
Event: 21.273 Thread 0x000002106bc38830 Exception <a 'java/lang/NoSuchMethodError'{0x00000000887d1668}: 'java.lang.Object java.lang.invoke.DirectMethodHandle$Holder.invokeSpecial(java.lang.Object, java.lang.Object, java.lang.Object, java.lang.Object, java.lang.Object, long)'> (0x00000000887d1668) 
thrown [s\open\src\hotspot\share\interpreter\linkResolver.cpp, line 796]
Event: 21.273 Thread 0x000002106bc38830 Exception <a 'java/lang/NoSuchMethodError'{0x00000000887d4e50}: 'java.lang.Object java.lang.invoke.Invokers$Holder.linkToTargetMethod(java.lang.Object, java.lang.Object, java.lang.Object, long, java.lang.Object)'> (0x00000000887d4e50) 
thrown [s\open\src\hotspot\share\interpreter\linkResolver.cpp, line 796]
Event: 21.334 Thread 0x000002106bc38830 Exception <a 'java/lang/NoSuchMethodError'{0x00000000884bfc88}: 'java.lang.Object java.lang.invoke.DirectMethodHandle$Holder.invokeStatic(java.lang.Object, int, int)'> (0x00000000884bfc88) 
thrown [s\open\src\hotspot\share\interpreter\linkResolver.cpp, line 796]
Event: 216.118 Thread 0x000002106bc38830 Exception <a 'java/lang/NoSuchMethodError'{0x0000000088c5b7d8}: method resolution failed> (0x0000000088c5b7d8) 
thrown [s\open\src\hotspot\share\prims\methodHandles.cpp, line 1145]
Event: 216.339 Thread 0x000002106bc38830 Exception <a 'java/lang/NoSuchMethodError'{0x0000000088af3658}: 'int java.lang.invoke.DirectMethodHandle$Holder.invokeInterface(java.lang.Object, java.lang.Object, int)'> (0x0000000088af3658) 
thrown [s\open\src\hotspot\share\interpreter\linkResolver.cpp, line 796]
Event: 216.340 Thread 0x000002106bc38830 Exception <a 'java/lang/IncompatibleClassChangeError'{0x0000000088af76f8}: Found class java.lang.Object, but interface was expected> (0x0000000088af76f8) 
thrown [s\open\src\hotspot\share\interpreter\linkResolver.cpp, line 863]
Event: 246.972 Thread 0x000002106bc3c9d0 Exception <a 'java/lang/NoSuchMethodError'{0x00000000888e2568}: 'java.lang.Object java.lang.invoke.Invokers$Holder.linkToTargetMethod(java.lang.Object, int, java.lang.Object, java.lang.Object)'> (0x00000000888e2568) 
thrown [s\open\src\hotspot\share\interpreter\linkResolver.cpp, line 796]
Event: 247.380 Thread 0x000002106bc3c9d0 Exception <a 'java/io/FileNotFoundException'{0x000000008b0f5b88}> (0x000000008b0f5b88) 
thrown [s\open\src\hotspot\share\prims\jni.cpp, line 520]
Event: 247.394 Thread 0x000002106bc3c9d0 Exception <a 'java/lang/NullPointerException'{0x000000008afb9d00}> (0x000000008afb9d00) 
thrown [s\open\src\hotspot\share\interpreter\linkResolver.cpp, line 1389]
Event: 247.395 Thread 0x000002106bc3c9d0 Exception <a 'java/lang/NullPointerException'{0x000000008afbad80}> (0x000000008afbad80) 
thrown [s\open\src\hotspot\share\interpreter\linkResolver.cpp, line 1389]
Event: 247.395 Thread 0x000002106bc3c9d0 Exception <a 'java/lang/NullPointerException'{0x000000008afbbe00}> (0x000000008afbbe00) 
thrown [s\open\src\hotspot\share\interpreter\linkResolver.cpp, line 1389]
Event: 247.398 Thread 0x000002106bc3c9d0 Exception <a 'java/lang/NullPointerException'{0x000000008aff7258}> (0x000000008aff7258) 
thrown [s\open\src\hotspot\share\interpreter\linkResolver.cpp, line 1389]
Event: 247.398 Thread 0x000002106bc3c9d0 Exception <a 'java/lang/NullPointerException'{0x000000008aff82d8}> (0x000000008aff82d8) 
thrown [s\open\src\hotspot\share\interpreter\linkResolver.cpp, line 1389]
Event: 247.398 Thread 0x000002106bc3c9d0 Exception <a 'java/lang/NullPointerException'{0x000000008aff9358}> (0x000000008aff9358) 
thrown [s\open\src\hotspot\share\interpreter\linkResolver.cpp, line 1389]
Event: 247.399 Thread 0x000002106bc3c9d0 Exception <a 'java/io/FileNotFoundException'{0x000000008ae068a8}> (0x000000008ae068a8) 
thrown [s\open\src\hotspot\share\prims\jni.cpp, line 520]
Event: 249.679 Thread 0x000002106bc3c9d0 Exception <a 'java/io/FileNotFoundException'{0x00000000891e5db0}> (0x00000000891e5db0) 
thrown [s\open\src\hotspot\share\prims\jni.cpp, line 520]
Event: 249.679 Thread 0x000002106bc3c9d0 Exception <a 'java/io/FileNotFoundException'{0x00000000891f1300}> (0x00000000891f1300) 
thrown [s\open\src\hotspot\share\prims\jni.cpp, line 520]

VM Operations (20 events):
Event: 152.630 Executing VM operation: G1CollectForAllocation (G1 Evacuation Pause) done
Event: 215.877 Executing VM operation: HandshakeAllThreads (Deoptimize)
Event: 215.878 Executing VM operation: HandshakeAllThreads (Deoptimize) done
Event: 216.730 Executing VM operation: G1CollectForAllocation (G1 Evacuation Pause)
Event: 216.740 Executing VM operation: G1CollectForAllocation (G1 Evacuation Pause) done
Event: 216.786 Executing VM operation: G1PauseRemark
Event: 216.913 Executing VM operation: G1PauseRemark done
Event: 216.928 Executing VM operation: G1PauseCleanup
Event: 216.928 Executing VM operation: G1PauseCleanup done
Event: 240.491 Executing VM operation: HandshakeAllThreads (HandshakeForDeflation)
Event: 240.491 Executing VM operation: HandshakeAllThreads (HandshakeForDeflation) done
Event: 240.491 Executing VM operation: RendezvousGCThreads
Event: 240.491 Executing VM operation: RendezvousGCThreads done
Event: 246.939 Executing VM operation: HandshakeAllThreads (Deoptimize)
Event: 246.939 Executing VM operation: HandshakeAllThreads (Deoptimize) done
Event: 247.091 Executing VM operation: HandshakeAllThreads (Deoptimize)
Event: 247.092 Executing VM operation: HandshakeAllThreads (Deoptimize) done
Event: 247.167 Executing VM operation: G1CollectForAllocation (G1 Evacuation Pause)
Event: 247.175 Executing VM operation: G1CollectForAllocation (G1 Evacuation Pause) done
Event: 300.481 Executing VM operation: G1CollectForAllocation (G1 Evacuation Pause)

Memory protections (0 events):
No events

Nmethod flushes (20 events):
Event: 216.909 Thread 0x0000021022f312f0 flushing  nmethod 0x000002101b12c908
Event: 216.909 Thread 0x0000021022f312f0 flushing  nmethod 0x000002101b12ce08
Event: 216.909 Thread 0x0000021022f312f0 flushing  nmethod 0x000002101b12d108
Event: 216.909 Thread 0x0000021022f312f0 flushing  nmethod 0x000002101b12d408
Event: 216.909 Thread 0x0000021022f312f0 flushing  nmethod 0x000002101b12dc08
Event: 216.909 Thread 0x0000021022f312f0 flushing  nmethod 0x000002101b12e308
Event: 216.909 Thread 0x0000021022f312f0 flushing  nmethod 0x000002101b12ea88
Event: 216.909 Thread 0x0000021022f312f0 flushing  nmethod 0x000002101b12ed88
Event: 216.909 Thread 0x0000021022f312f0 flushing  nmethod 0x000002101b135b08
Event: 216.909 Thread 0x0000021022f312f0 flushing  nmethod 0x000002101b136a08
Event: 216.909 Thread 0x0000021022f312f0 flushing  nmethod 0x000002101b139288
Event: 216.909 Thread 0x0000021022f312f0 flushing  nmethod 0x000002101b13ad08
Event: 216.909 Thread 0x0000021022f312f0 flushing  nmethod 0x000002101b13cc08
Event: 216.909 Thread 0x0000021022f312f0 flushing  nmethod 0x000002101b13d608
Event: 216.909 Thread 0x0000021022f312f0 flushing  nmethod 0x000002101b13e108
Event: 216.909 Thread 0x0000021022f312f0 flushing  nmethod 0x000002101b145708
Event: 216.909 Thread 0x0000021022f312f0 flushing  nmethod 0x000002101b145a08
Event: 216.909 Thread 0x0000021022f312f0 flushing  nmethod 0x000002101b146588
Event: 216.909 Thread 0x0000021022f312f0 flushing  nmethod 0x000002101b149888
Event: 216.909 Thread 0x0000021022f312f0 flushing  nmethod 0x000002101b40c708

Events (20 events):
Event: 131.769 Thread 0x0000021022f680b0 Thread added: 0x000002106c6b5630
Event: 134.943 Thread 0x000002106c6b5630 Thread exited: 0x000002106c6b5630
Event: 190.793 Thread 0x0000021022f680b0 Thread added: 0x000002106c6b4f60
Event: 190.793 Thread 0x0000021022f680b0 Thread added: 0x000002106c6b5630
Event: 190.794 Thread 0x0000021022f680b0 Thread added: 0x000002106c6b7170
Event: 193.989 Thread 0x000002106c6b7170 Thread exited: 0x000002106c6b7170
Event: 199.110 Thread 0x000002106c6b4f60 Thread exited: 0x000002106c6b4f60
Event: 199.110 Thread 0x000002106c6b5630 Thread exited: 0x000002106c6b5630
Event: 216.360 Thread 0x0000021022f680b0 Thread added: 0x000002106c6b5d00
Event: 216.360 Thread 0x0000021022f680b0 Thread added: 0x000002106c6b4890
Event: 216.361 Thread 0x000002106c6b5d00 Thread added: 0x000002106c6b7840
Event: 216.445 Thread 0x000002106bc38830 Thread added: 0x000002106c68d6a0
Event: 216.477 Thread 0x000002106bc38830 Thread added: 0x000002106c68c980
Event: 216.585 Thread 0x000002106c68c980 Thread added: 0x000002106c690490
Event: 222.381 Thread 0x000002106c6b7840 Thread exited: 0x000002106c6b7840
Event: 222.381 Thread 0x000002106c6b4890 Thread exited: 0x000002106c6b4890
Event: 222.423 Thread 0x000002106c690490 Thread exited: 0x000002106c690490
Event: 227.382 Thread 0x000002106c6b5d00 Thread exited: 0x000002106c6b5d00
Event: 248.483 Thread 0x0000021022f680b0 Thread added: 0x000002106c6b4890
Event: 249.672 Thread 0x000002106c6b4890 Thread exited: 0x000002106c6b4890


Dynamic libraries:
0x00007ff6aabc0000 - 0x00007ff6aabce000 	C:\Users\Asus Tuf\.jdks\openjdk-23.0.1\bin\java.exe
0x00007ffc62aa0000 - 0x00007ffc62d05000 	C:\WINDOWS\SYSTEM32\ntdll.dll
0x00007ffc609a0000 - 0x00007ffc60a69000 	C:\WINDOWS\System32\KERNEL32.DLL
0x00007ffc60450000 - 0x00007ffc60838000 	C:\WINDOWS\System32\KERNELBASE.dll
0x00007ffc60260000 - 0x00007ffc603ab000 	C:\WINDOWS\System32\ucrtbase.dll
0x00007ffc48410000 - 0x00007ffc4842b000 	C:\Users\Asus Tuf\.jdks\openjdk-23.0.1\bin\VCRUNTIME140.dll
0x00007ffc48840000 - 0x00007ffc48857000 	C:\Users\Asus Tuf\.jdks\openjdk-23.0.1\bin\jli.dll
0x00007ffc61f10000 - 0x00007ffc620da000 	C:\WINDOWS\System32\USER32.dll
0x00007ffc5fbf0000 - 0x00007ffc5fc17000 	C:\WINDOWS\System32\win32u.dll
0x00007ffc414a0000 - 0x00007ffc4173a000 	C:\WINDOWS\WinSxS\amd64_microsoft.windows.common-controls_6595b64144ccf1df_6.0.26100.4202_none_3e0698d4e335f517\COMCTL32.dll
0x00007ffc621c0000 - 0x00007ffc621eb000 	C:\WINDOWS\System32\GDI32.dll
0x00007ffc614f0000 - 0x00007ffc61599000 	C:\WINDOWS\System32\msvcrt.dll
0x00007ffc5fda0000 - 0x00007ffc5fed7000 	C:\WINDOWS\System32\gdi32full.dll
0x00007ffc5ffa0000 - 0x00007ffc60043000 	C:\WINDOWS\System32\msvcp_win.dll
0x00007ffc62180000 - 0x00007ffc621b0000 	C:\WINDOWS\System32\IMM32.DLL
0x00007ffc54b80000 - 0x00007ffc54b8c000 	C:\Users\Asus Tuf\.jdks\openjdk-23.0.1\bin\vcruntime140_1.dll
0x00007ffc452e0000 - 0x00007ffc4536e000 	C:\Users\Asus Tuf\.jdks\openjdk-23.0.1\bin\msvcp140.dll
0x00007ffbd66a0000 - 0x00007ffbd73ef000 	C:\Users\Asus Tuf\.jdks\openjdk-23.0.1\bin\server\jvm.dll
0x00007ffc61e50000 - 0x00007ffc61f03000 	C:\WINDOWS\System32\ADVAPI32.dll
0x00007ffc61da0000 - 0x00007ffc61e46000 	C:\WINDOWS\System32\sechost.dll
0x00007ffc621f0000 - 0x00007ffc62305000 	C:\WINDOWS\System32\RPCRT4.dll
0x00007ffc61620000 - 0x00007ffc61694000 	C:\WINDOWS\System32\WS2_32.dll
0x00007ffc5e810000 - 0x00007ffc5e86e000 	C:\WINDOWS\SYSTEM32\POWRPROF.dll
0x00007ffc530c0000 - 0x00007ffc530f5000 	C:\WINDOWS\SYSTEM32\WINMM.dll
0x00007ffc56550000 - 0x00007ffc5655b000 	C:\WINDOWS\SYSTEM32\VERSION.dll
0x00007ffc5e7f0000 - 0x00007ffc5e804000 	C:\WINDOWS\SYSTEM32\UMPDC.dll
0x00007ffc5ead0000 - 0x00007ffc5eaeb000 	C:\WINDOWS\SYSTEM32\kernel.appcore.dll
0x00007ffc4b6d0000 - 0x00007ffc4b6da000 	C:\Users\Asus Tuf\.jdks\openjdk-23.0.1\bin\jimage.dll
0x00007ffc5cd20000 - 0x00007ffc5cf61000 	C:\WINDOWS\SYSTEM32\DBGHELP.DLL
0x00007ffc60b30000 - 0x00007ffc60eb5000 	C:\WINDOWS\System32\combase.dll
0x00007ffc61ad0000 - 0x00007ffc61bb1000 	C:\WINDOWS\System32\OLEAUT32.dll
0x00007ffc42410000 - 0x00007ffc42449000 	C:\WINDOWS\SYSTEM32\dbgcore.DLL
0x00007ffc603b0000 - 0x00007ffc60449000 	C:\WINDOWS\System32\bcryptPrimitives.dll
0x00007ffc483e0000 - 0x00007ffc483ef000 	C:\Users\Asus Tuf\.jdks\openjdk-23.0.1\bin\instrument.dll
0x00007ffc483f0000 - 0x00007ffc4840e000 	C:\Users\Asus Tuf\.jdks\openjdk-23.0.1\bin\java.dll
0x00007ffc61870000 - 0x00007ffc61a0e000 	C:\WINDOWS\System32\ole32.dll
0x00007ffc62310000 - 0x00007ffc62a52000 	C:\WINDOWS\System32\SHELL32.dll
0x00007ffc60050000 - 0x00007ffc601c4000 	C:\WINDOWS\System32\wintypes.dll
0x00007ffc5d850000 - 0x00007ffc5e0a8000 	C:\WINDOWS\SYSTEM32\windows.storage.dll
0x00007ffc60840000 - 0x00007ffc60931000 	C:\WINDOWS\System32\SHCORE.dll
0x00007ffc616a0000 - 0x00007ffc6170a000 	C:\WINDOWS\System32\shlwapi.dll
0x00007ffc5fb00000 - 0x00007ffc5fb2f000 	C:\WINDOWS\SYSTEM32\profapi.dll
0x00007ffc451e0000 - 0x00007ffc451f7000 	C:\Users\Asus Tuf\.jdks\openjdk-23.0.1\bin\zip.dll
0x00007ffc4a3a0000 - 0x00007ffc4a3b0000 	C:\Users\Asus Tuf\.jdks\openjdk-23.0.1\bin\net.dll
0x00007ffc5f040000 - 0x00007ffc5f0aa000 	C:\WINDOWS\system32\mswsock.dll
0x00007ffc458e0000 - 0x00007ffc458f6000 	C:\Users\Asus Tuf\.jdks\openjdk-23.0.1\bin\nio.dll
0x00007ffc451b0000 - 0x00007ffc451b9000 	C:\Users\Asus Tuf\.jdks\openjdk-23.0.1\bin\extnet.dll
0x00007ffc5e540000 - 0x00007ffc5e667000 	C:\WINDOWS\SYSTEM32\DNSAPI.dll
0x00007ffc5e500000 - 0x00007ffc5e533000 	C:\WINDOWS\SYSTEM32\IPHLPAPI.DLL
0x00007ffc60b00000 - 0x00007ffc60b0a000 	C:\WINDOWS\System32\NSI.dll
0x000000006cf30000 - 0x000000006cf56000 	C:\Program Files\Bonjour\mdnsNSP.dll
0x00007ffc56540000 - 0x00007ffc5654b000 	C:\Windows\System32\rasadhlp.dll
0x00007ffc56d10000 - 0x00007ffc56d96000 	C:\WINDOWS\System32\fwpuclnt.dll
0x00007ffc451a0000 - 0x00007ffc451aa000 	C:\Users\Asus Tuf\.jdks\openjdk-23.0.1\bin\management.dll
0x00007ffc45190000 - 0x00007ffc4519b000 	C:\Users\Asus Tuf\.jdks\openjdk-23.0.1\bin\management_ext.dll
0x00007ffc60a70000 - 0x00007ffc60a78000 	C:\WINDOWS\System32\PSAPI.DLL
0x00007ffc5f2f0000 - 0x00007ffc5f30b000 	C:\WINDOWS\SYSTEM32\CRYPTSP.dll
0x00007ffc5ea30000 - 0x00007ffc5ea6a000 	C:\WINDOWS\system32\rsaenh.dll
0x00007ffc5f0e0000 - 0x00007ffc5f10b000 	C:\WINDOWS\SYSTEM32\USERENV.dll
0x00007ffc5fad0000 - 0x00007ffc5faf6000 	C:\WINDOWS\SYSTEM32\bcrypt.dll
0x00007ffc5f310000 - 0x00007ffc5f31c000 	C:\WINDOWS\SYSTEM32\CRYPTBASE.dll
0x00007ffbfca40000 - 0x00007ffbfca58000 	C:\WINDOWS\system32\napinsp.dll
0x00007ffbfca20000 - 0x00007ffbfca32000 	C:\WINDOWS\System32\winrnr.dll
0x00007ffbfc9e0000 - 0x00007ffbfca10000 	C:\WINDOWS\system32\nlansp_c.dll
0x00007ffc4e3d0000 - 0x00007ffc4e3f0000 	C:\WINDOWS\system32\wshbth.dll
0x00007ffc40650000 - 0x00007ffc4069e000 	C:\WINDOWS\SYSTEM32\pdh.dll
0x00007ffc3a630000 - 0x00007ffc3a642000 	C:\WINDOWS\System32\perfproc.dll
0x00007ffc451c0000 - 0x00007ffc451ce000 	C:\Users\Asus Tuf\.jdks\openjdk-23.0.1\bin\sunmscapi.dll
0x00007ffc5fc20000 - 0x00007ffc5fd97000 	C:\WINDOWS\System32\CRYPT32.dll
0x00007ffc5f510000 - 0x00007ffc5f540000 	C:\WINDOWS\SYSTEM32\ncrypt.dll
0x00007ffc5f4c0000 - 0x00007ffc5f4ff000 	C:\WINDOWS\SYSTEM32\NTASN1.dll
0x00007ffc45170000 - 0x00007ffc45180000 	C:\Users\Asus Tuf\.jdks\openjdk-23.0.1\bin\verify.dll
0x00007ffc56a90000 - 0x00007ffc56aaf000 	C:\WINDOWS\SYSTEM32\dhcpcsvc6.DLL
0x00007ffc56a60000 - 0x00007ffc56a85000 	C:\WINDOWS\SYSTEM32\dhcpcsvc.DLL
0x00007ffc18790000 - 0x00007ffc18798000 	C:\WINDOWS\system32\wshunix.dll

dbghelp: loaded successfully - version: 4.0.5 - missing functions: none
symbol engine: initialized successfully - sym options: 0x614 - pdb path: .;C:\Users\Asus Tuf\.jdks\openjdk-23.0.1\bin;C:\WINDOWS\SYSTEM32;C:\WINDOWS\WinSxS\amd64_microsoft.windows.common-controls_6595b64144ccf1df_6.0.26100.4202_none_3e0698d4e335f517;C:\Users\Asus Tuf\.jdks\openjdk-23.0.1\bin\server;C:\Program Files\Bonjour

VM Arguments:
jvm_args: -XX:TieredStopAtLevel=1 -Dspring.output.ansi.enabled=always -Dcom.sun.management.jmxremote -Dspring.jmx.enabled=true -Dspring.liveBeansView.mbeanDomain -Dspring.application.admin.enabled=true -Dmanagement.endpoints.jmx.exposure.include=* -javaagent:G:\IntelliJ IDEA 2024.3.1.1\lib\idea_rt.jar=51526 -Dfile.encoding=UTF-8 -Dsun.stdout.encoding=UTF-8 -Dsun.stderr.encoding=UTF-8 
java_command: com.both.testing_pilot_backend.Application
java_class_path (initial): G:\SpringBoot\test-pilot-api\target\classes;C:\Users\Asus Tuf\.m2\repository\io\minio\minio\8.5.14\minio-8.5.14.jar;C:\Users\Asus Tuf\.m2\repository\com\carrotsearch\thirdparty\simple-xml-safe\2.7.1\simple-xml-safe-2.7.1.jar;C:\Users\Asus Tuf\.m2\repository\com\google\guava\guava\33.3.1-jre\guava-33.3.1-jre.jar;C:\Users\Asus Tuf\.m2\repository\com\google\guava\failureaccess\1.0.2\failureaccess-1.0.2.jar;C:\Users\Asus Tuf\.m2\repository\com\google\guava\listenablefuture\9999.0-empty-to-avoid-conflict-with-guava\listenablefuture-9999.0-empty-to-avoid-conflict-with-guava.jar;C:\Users\Asus Tuf\.m2\repository\com\google\code\findbugs\jsr305\3.0.2\jsr305-3.0.2.jar;C:\Users\Asus Tuf\.m2\repository\com\google\errorprone\error_prone_annotations\2.28.0\error_prone_annotations-2.28.0.jar;C:\Users\Asus Tuf\.m2\repository\com\google\j2objc\j2objc-annotations\3.0.0\j2objc-annotations-3.0.0.jar;C:\Users\Asus Tuf\.m2\repository\com\squareup\okhttp3\okhttp\4.12.0\okhttp-4.12.0.jar;C:\Users\Asus Tuf\.m2\repository\com\squareup\okio\okio\3.6.0\okio-3.6.0.jar;C:\Users\Asus Tuf\.m2\repository\com\squareup\okio\okio-jvm\3.6.0\okio-jvm-3.6.0.jar;C:\Users\Asus Tuf\.m2\repository\org\jetbrains\kotlin\kotlin-stdlib-common\1.9.25\kotlin-stdlib-common-1.9.25.jar;C:\Users\Asus Tuf\.m2\repository\org\jetbrains\kotlin\kotlin-stdlib-jdk8\1.9.25\kotlin-stdlib-jdk8-1.9.25.jar;C:\Users\Asus Tuf\.m2\repository\org\jetbrains\kotlin\kotlin-stdlib\1.9.25\kotlin-stdlib-1.9.25.jar;C:\Users\Asus Tuf\.m2\repository\org\jetbrains\annotations\13.0\annotations-13.0.jar;C:\Users\Asus Tuf\.m2\repository\org\jetbrains\kotlin\kotlin-stdlib-jdk7\1.9.25\kotlin-stdlib-jdk7-1.9.25.jar;C:\Users\Asus Tuf\.m2\repository\com\fasterxml\jackson\core\jackson-annotations\2.18.3\jackson-annotations-2.18.3.jar;C:\Users\Asus Tuf\.m2\repository\com\fasterxml\jackson\core\jackson-core\2.18.3\jackson-core-2.18.3.jar;C:\Users\Asus Tuf\.m2\repository\com\fasterxml\jackson\core\jackson-databind\2.18.3\jackson-databind-2.18.3.jar;C:\Users\Asus Tuf\.m2\repository\org\bouncycastle\bcprov-jdk18on\1.78.1\bcprov-jdk18on-1.78.1.jar;C:\Users\Asus Tuf\.m2\repository\org\apache\commons\commons-compress\1.27.1\commons-compress-1.27.1.jar;C:\Users\Asus Tuf\.m2\repository\commons-io\commons-io\2.16.1\commons-io-2.16.1.jar;C:\Users\Asus Tuf\.m2\repository\org\apache\commons\commons-lang3\3.17.0\commons-lang3-3.17.0.jar;C:\Users\Asus Tuf\.m2\repository\commons-codec\commons-codec\1.17.2\commons-codec-1.17.2.jar;C:\Users\Asus Tuf\.m2\repository\org\xerial\snappy\snappy-java\1.1.10.7\snappy-java-1.1.10.7.jar;C:\Users\Asus Tuf\.m2\repository\org\springframework\boot\spring-boot-starter-security\3.4.4\spring-boot-starter-security-3.4.4.jar;C:\Users\Asus Tuf\.m2\repository\org\springframework\boot\spring-boot-starter\3.4.4\spring-boot-starter-3.4.4.jar;C:\Users\Asus Tuf\.m2\repository\org\springframework\boot\spring-boot-starter-logging\3.4.4\spring-boot-starter-logging-3.4.4.jar;C:\Users\Asus Tuf\.m2\repository\ch\qos\logback\logback-classic\1.5.18\logback-classic-1.5.18.jar;C:\Users\Asus Tuf\.m2\repository\ch\qos\logback\logback-core\1.5.18\logback-core-1.5.18.jar;C:\Users\Asus Tuf\.m2\repository\org\apache\logging\log4j\log4j-to-slf4j\2.24.3\log4j-to-slf4j-2.24.3.jar;C:\Users\Asus Tuf\.m2\repository\org\apache\logging\log4j\log4j-api\2.24.3\log4j-api-2.24.3.jar;C:\Users\Asus Tuf\.m2\repository\org\slf4j\jul-to-slf4j\2.0.17\jul-to-slf4j-2.0.17.jar;C:\Users\Asus Tuf\.m2\repository\jakarta\annotation\jakarta.annotation-api\2.1.1\jakarta.annotation-api-2.1.1.jar;C:\Users\Asus Tuf\.m2\repository\org\yaml\snakeyaml\2.3\snakeyaml-2.3.jar;C:\Users\Asus Tuf\.m2\repository\org\springframework\spring-aop\6.2.5\spring-aop-6.2.5.jar;C:\Users\Asus Tuf\.m2\repository\org\springframework\spring-beans\6.2.5\spring-beans-6.2.5.jar;C:\Users\Asus Tuf\.m2\repository\org\springframework\security\spring-security-config\6.4.4\spring-security-config-6.4.4.jar;C:\Users\Asus Tuf\.m2\repository\org\springframework\spring-context\6.2.5\spring-context-6.2.5.jar;C:\Users\Asus Tuf\.m2\repository\org\springframework\security\spring-security-web\6.4.4\spring-security-web-6.4.4.jar;C:\Users\Asus Tuf\.m2\repository\org\springframework\spring-expression\6.2.5\spring-expression-6.2.5.jar;C:\Users\Asus Tuf\.m2\repository\org\springframework\boot\spring-boot-starter-web\3.4.4\spring-boot-starter-web-3.4.4.jar;C:\Users\Asus Tuf\.m2\repository\org\springframework\boot\spring-boot-starter-json\3.4.4\spring-boot-starter-json-3.4.4.jar;C:\Users\Asus Tuf\.m2\repository\com\fasterxml\jackson\datatype\jackson-datatype-jdk8\2.18.3\jackson-datatype-jdk8-2.18.3.jar;C:\Users\Asus Tuf\.m2\repository\com\fasterxml\jackson\datatype\jackson-datatype-jsr310\2.18.3\jackson-datatype-jsr310-2.18.3.jar;C:\Users\Asus Tuf\.m2\repository\com\fasterxml\jackson\module\jackson-module-parameter-names\2.18.3\jackson-module-parameter-names-2.18.3.jar;C:\Users\Asus Tuf\.m2\repository\org\springframework\boot\spring-boot-starter-tomcat\3.4.4\spring-boot-starter-tomcat-3.4.4.jar;C:\Users\Asus Tuf\.m2\repository\org\apache\tomcat\embed\tomcat-embed-core\10.1.39\tomcat-embed-core-10.1.39.jar;C:\Users\Asus Tuf\.m2\repository\org\apache\tomcat\embed\tomcat-embed-websocket\10.1.39\tomcat-embed-websocket-10.1.39.jar;C:\Users\Asus Tuf\.m2\repository\org\springframework\spring-web\6.2.5\spring-web-6.2.5.jar;C:\Users\Asus Tuf\.m2\repository\org\springframework\spring-webmvc\6.2.5\spring-webmvc-6.2.5.jar;C:\Users\Asus Tuf\.m2\repository\org\postgresql\postgresql\42.7.5\postgresql-42.7.5.jar;C:\Users\Asus Tuf\.m2\repository\org\checkerframework\checker-qual\3.48.3\checker-qual-3.48.3.jar;C:\Users\Asus Tuf\.m2\repository\org\projectlombok\lombok\1.18.36\lombok-1.18.36.jar;C:\Users\Asus Tuf\.m2\repository\org\slf4j\slf4j-api\2.0.17\slf4j-api-2.0.17.jar;C:\Users\Asus Tuf\.m2\repository\jakarta\xml\bind\jakarta.xml.bind-api\4.0.2\jakarta.xml.bind-api-4.0.2.jar;C:\Users\Asus Tuf\.m2\repository\jakarta\activation\jakarta.activation-api\2.1.3\jakarta.activation-api-2.1.3.jar;C:\Users\Asus Tuf\.m2\repository\org\springframework\spring-core\6.2.5\spring-core-6.2.5.jar;C:\Users\Asus Tuf\.m2\repository\org\springframework\spring-jcl\6.2.5\spring-jcl-6.2.5.jar;C:\Users\Asus Tuf\.m2\repository\org\springframework\security\spring-security-core\6.4.4\spring-security-core-6.4.4.jar;C:\Users\Asus Tuf\.m2\repository\org\springframework\security\spring-security-crypto\6.4.4\spring-security-crypto-6.4.4.jar;C:\Users\Asus Tuf\.m2\repository\io\jsonwebtoken\jjwt-api\0.12.6\jjwt-api-0.12.6.jar;C:\Users\Asus Tuf\.m2\repository\io\jsonwebtoken\jjwt-impl\0.12.6\jjwt-impl-0.12.6.jar;C:\Users\Asus Tuf\.m2\repository\io\jsonwebtoken\jjwt-jackson\0.12.6\jjwt-jackson-0.12.6.jar;C:\Users\Asus Tuf\.m2\repository\org\mybatis\spring\boot\mybatis-spring-boot-starter\3.0.4\mybatis-spring-boot-starter-3.0.4.jar;C:\Users\Asus Tuf\.m2\repository\org\springframework\boot\spring-boot-starter-jdbc\3.4.4\spring-boot-starter-jdbc-3.4.4.jar;C:\Users\Asus Tuf\.m2\repository\com\zaxxer\HikariCP\5.1.0\HikariCP-5.1.0.jar;C:\Users\Asus Tuf\.m2\repository\org\springframework\spring-jdbc\6.2.5\spring-jdbc-6.2.5.jar;C:\Users\Asus Tuf\.m2\repository\org\mybatis\spring\boot\mybatis-spring-boot-autoconfigure\3.0.4\mybatis-spring-boot-autoconfigure-3.0.4.jar;C:\Users\Asus Tuf\.m2\repository\org\mybatis\mybatis\3.5.17\mybatis-3.5.17.jar;C:\Users\Asus Tuf\.m2\repository\org\mybatis\mybatis-spring\3.0.4\mybatis-spring-3.0.4.jar;C:\Users\Asus Tuf\.m2\repository\org\springframework\spring-tx\6.2.5\spring-tx-6.2.5.jar;C:\Users\Asus Tuf\.m2\repository\org\springdoc\springdoc-openapi-starter-webmvc-ui\2.7.0\springdoc-openapi-starter-webmvc-ui-2.7.0.jar;C:\Users\Asus Tuf\.m2\repository\org\springdoc\springdoc-openapi-starter-webmvc-api\2.7.0\springdoc-openapi-starter-webmvc-api-2.7.0.jar;C:\Users\Asus Tuf\.m2\repository\org\springdoc\springdoc-openapi-starter-common\2.7.0\springdoc-openapi-starter-common-2.7.0.jar;C:\Users\Asus Tuf\.m2\repository\io\swagger\core\v3\swagger-core-jakarta\2.2.25\swagger-core-jakarta-2.2.25.jar;C:\Users\Asus Tuf\.m2\repository\io\swagger\core\v3\swagger-annotations-jakarta\2.2.25\swagger-annotations-jakarta-2.2.25.jar;C:\Users\Asus Tuf\.m2\repository\io\swagger\core\v3\swagger-models-jakarta\2.2.25\swagger-models-jakarta-2.2.25.jar;C:\Users\Asus Tuf\.m2\repository\com\fasterxml\jackson\dataformat\jackson-dataformat-yaml\2.18.3\jackson-dataformat-yaml-2.18.3.jar;C:\Users\Asus Tuf\.m2\repository\org\webjars\swagger-ui\5.18.2\swagger-ui-5.18.2.jar;C:\Users\Asus Tuf\.m2\repository\org\webjars\webjars-locator-lite\1.0.1\webjars-locator-lite-1.0.1.jar;C:\Users\Asus Tuf\.m2\repository\org\jspecify\jspecify\1.0.0\jspecify-1.0.0.jar;C:\Users\Asus Tuf\.m2\repository\org\springframework\boot\spring-boot-devtools\3.4.4\spring-boot-devtools-3.4.4.jar;C:\Users\Asus Tuf\.m2\repository\org\springframework\boot\spring-boot\3.4.4\spring-boot-3.4.4.jar;C:\Users\Asus Tuf\.m2\repository\org\springframework\boot\spring-boot-autoconfigure\3.4.4\spring-boot-autoconfigure-3.4.4.jar;C:\Users\Asus Tuf\.m2\repository\org\mapstruct\mapstruct\1.6.3\mapstruct-1.6.3.jar;C:\Users\Asus Tuf\.m2\repository\org\mapstruct\mapstruct-processor\1.6.3\mapstruct-processor-1.6.3.jar;C:\Users\Asus Tuf\.m2\repository\org\springframework\boot\spring-boot-starter-validation\3.4.4\spring-boot-starter-validation-3.4.4.jar;C:\Users\Asus Tuf\.m2\repository\org\apache\tomcat\embed\tomcat-embed-el\10.1.39\tomcat-embed-el-10.1.39.jar;C:\Users\Asus Tuf\.m2\repository\org\hibernate\validator\hibernate-validator\8.0.2.Final\hibernate-validator-8.0.2.Final.jar;C:\Users\Asus Tuf\.m2\repository\jakarta\validation\jakarta.validation-api\3.0.2\jakarta.validation-api-3.0.2.jar;C:\Users\Asus Tuf\.m2\repository\org\jboss\logging\jboss-logging\3.6.1.Final\jboss-logging-3.6.1.Final.jar;C:\Users\Asus Tuf\.m2\repository\com\fasterxml\classmate\1.7.0\classmate-1.7.0.jar;C:\Users\Asus Tuf\.m2\repository\org\springframework\boot\spring-boot-starter-mail\3.4.0\spring-boot-starter-mail-3.4.0.jar;C:\Users\Asus Tuf\.m2\repository\org\springframework\spring-context-support\6.2.5\spring-context-support-6.2.5.jar;C:\Users\Asus Tuf\.m2\repository\org\eclipse\angus\jakarta.mail\2.0.3\jakarta.mail-2.0.3.jar;C:\Users\Asus Tuf\.m2\repository\org\eclipse\angus\angus-activation\2.0.2\angus-activation-2.0.2.jar;C:\Users\Asus Tuf\.m2\repository\org\springframework\boot\spring-boot-starter-thymeleaf\3.4.4\spring-boot-starter-thymeleaf-3.4.4.jar;C:\Users\Asus Tuf\.m2\repository\org\thymeleaf\thymeleaf-spring6\3.1.3.RELEASE\thymeleaf-spring6-3.1.3.RELEASE.jar;C:\Users\Asus Tuf\.m2\repository\org\thymeleaf\thymeleaf\3.1.3.RELEASE\thymeleaf-3.1.3.RELEASE.jar;C:\Users\Asus Tuf\.m2\repository\org\attoparser\attoparser\2.0.7.RELEASE\attoparser-2.0.7.RELEASE.jar;C:\Users\Asus Tuf\.m2\repository\org\unbescape\unbescape\1.1.6.RELEASE\unbescape-1.1.6.RELEASE.jar;C:\Users\Asus Tuf\.m2\repository\org\springframework\boot\spring-boot-starter-actuator\3.4.4\spring-boot-starter-actuator-3.4.4.jar;C:\Users\Asus Tuf\.m2\repository\org\springframework\boot\spring-boot-actuator-autoconfigure\3.4.4\spring-boot-actuator-autoconfigure-3.4.4.jar;C:\Users\Asus Tuf\.m2\repository\org\springframework\boot\spring-boot-actuator\3.4.4\spring-boot-actuator-3.4.4.jar;C:\Users\Asus Tuf\.m2\repository\io\micrometer\micrometer-observation\1.14.5\micrometer-observation-1.14.5.jar;C:\Users\Asus Tuf\.m2\repository\io\micrometer\micrometer-commons\1.14.5\micrometer-commons-1.14.5.jar;C:\Users\Asus Tuf\.m2\repository\io\micrometer\micrometer-jakarta9\1.14.5\micrometer-jakarta9-1.14.5.jar;C:\Users\Asus Tuf\.m2\repository\io\micrometer\micrometer-core\1.14.5\micrometer-core-1.14.5.jar;C:\Users\Asus Tuf\.m2\repository\org\hdrhistogram\HdrHistogram\2.2.2\HdrHistogram-2.2.2.jar;C:\Users\Asus Tuf\.m2\repository\org\latencyutils\LatencyUtils\2.0.3\LatencyUtils-2.0.3.jar;C:\Users\Asus Tuf\.m2\repository\org\springframework\boot\spring-boot-starter-data-redis\3.4.4\spring-boot-starter-data-redis-3.4.4.jar;C:\Users\Asus Tuf\.m2\repository\io\lettuce\lettuce-core\6.4.2.RELEASE\lettuce-core-6.4.2.RELEASE.jar;C:\Users\Asus Tuf\.m2\repository\io\netty\netty-common\4.1.119.Final\netty-common-4.1.119.Final.jar;C:\Users\Asus Tuf\.m2\repository\io\netty\netty-handler\4.1.119.Final\netty-handler-4.1.119.Final.jar;C:\Users\Asus Tuf\.m2\repository\io\netty\netty-resolver\4.1.119.Final\netty-resolver-4.1.119.Final.jar;C:\Users\Asus Tuf\.m2\repository\io\netty\netty-buffer\4.1.119.Final\netty-buffer-4.1.119.Final.jar;C:\Users\Asus Tuf\.m2\repository\io\netty\netty-transport-native-unix-common\4.1.119.Final\netty-transport-native-unix-common-4.1.119.Final.jar;C:\Users\Asus Tuf\.m2\repository\io\netty\netty-codec\4.1.119.Final\netty-codec-4.1.119.Final.jar;C:\Users\Asus Tuf\.m2\repository\io\netty\netty-transport\4.1.119.Final\netty-transport-4.1.119.Final.jar;C:\Users\Asus Tuf\.m2\repository\org\springframework\data\spring-data-redis\3.4.4\spring-data-redis-3.4.4.jar;C:\Users\Asus Tuf\.m2\repository\org\springframework\data\spring-data-keyvalue\3.4.4\spring-data-keyvalue-3.4.4.jar;C:\Users\Asus Tuf\.m2\repository\org\springframework\data\spring-data-commons\3.4.4\spring-data-commons-3.4.4.jar;C:\Users\Asus Tuf\.m2\repository\org\springframework\spring-oxm\6.2.5\spring-oxm-6.2.5.jar;C:\Users\Asus Tuf\.m2\repository\com\google\api-client\google-api-client\2.2.0\google-api-client-2.2.0.jar;C:\Users\Asus Tuf\.m2\repository\com\google\oauth-client\google-oauth-client\1.34.1\google-oauth-client-1.34.1.jar;C:\Users\Asus Tuf\.m2\repository\com\google\http-client\google-http-client-gson\1.42.3\google-http-client-gson-1.42.3.jar;C:\Users\Asus Tuf\.m2\repository\com\google\code\gson\gson\2.11.0\gson-2.11.0.jar;C:\Users\Asus Tuf\.m2\repository\com\google\http-client\google-http-client-apache-v2\1.42.3\google-http-client-apache-v2-1.42.3.jar;C:\Users\Asus Tuf\.m2\repository\org\apache\httpcomponents\httpcore\4.4.16\httpcore-4.4.16.jar;C:\Users\Asus Tuf\.m2\repository\org\apache\httpcomponents\httpclient\4.5.14\httpclient-4.5.14.jar;C:\Users\Asus Tuf\.m2\repository\commons-logging\commons-logging\1.2\commons-logging-1.2.jar;C:\Users\Asus Tuf\.m2\repository\com\google\http-client\google-http-client\1.42.3\google-http-client-1.42.3.jar;C:\Users\Asus Tuf\.m2\repository\io\opencensus\opencensus-api\0.31.1\opencensus-api-0.31.1.jar;C:\Users\Asus Tuf\.m2\repository\io\grpc\grpc-context\1.27.2\grpc-context-1.27.2.jar;C:\Users\Asus Tuf\.m2\repository\io\opencensus\opencensus-contrib-http-util\0.31.1\opencensus-contrib-http-util-0.31.1.jar;C:\Users\Asus Tuf\.m2\repository\org\springframework\boot\spring-boot-starter-webflux\3.4.4\spring-boot-starter-webflux-3.4.4.jar;C:\Users\Asus Tuf\.m2\repository\org\springframework\boot\spring-boot-starter-reactor-netty\3.4.4\spring-boot-starter-reactor-netty-3.4.4.jar;C:\Users\Asus Tuf\.m2\repository\io\projectreactor\netty\reactor-netty-http\1.2.4\reactor-netty-http-1.2.4.jar;C:\Users\Asus Tuf\.m2\repository\io\netty\netty-codec-http\4.1.119.Final\netty-codec-http-4.1.119.Final.jar;C:\Users\Asus Tuf\.m2\repository\io\netty\netty-codec-http2\4.1.119.Final\netty-codec-http2-4.1.119.Final.jar;C:\Users\Asus Tuf\.m2\repository\io\netty\netty-resolver-dns\4.1.119.Final\netty-resolver-dns-4.1.119.Final.jar;C:\Users\Asus Tuf\.m2\repository\io\netty\netty-codec-dns\4.1.119.Final\netty-codec-dns-4.1.119.Final.jar;C:\Users\Asus Tuf\.m2\repository\io\netty\netty-resolver-dns-native-macos\4.1.119.Final\netty-resolver-dns-native-macos-4.1.119.Final-osx-x86_64.jar;C:\Users\Asus Tuf\.m2\repository\io\netty\netty-resolver-dns-classes-macos\4.1.119.Final\netty-resolver-dns-classes-macos-4.1.119.Final.jar;C:\Users\Asus Tuf\.m2\repository\io\netty\netty-transport-native-epoll\4.1.119.Final\netty-transport-native-epoll-4.1.119.Final-linux-x86_64.jar;C:\Users\Asus Tuf\.m2\repository\io\netty\netty-transport-classes-epoll\4.1.119.Final\netty-transport-classes-epoll-4.1.119.Final.jar;C:\Users\Asus Tuf\.m2\repository\io\projectreactor\netty\reactor-netty-core\1.2.4\reactor-netty-core-1.2.4.jar;C:\Users\Asus Tuf\.m2\repository\io\netty\netty-handler-proxy\4.1.119.Final\netty-handler-proxy-4.1.119.Final.jar;C:\Users\Asus Tuf\.m2\repository\io\netty\netty-codec-socks\4.1.119.Final\netty-codec-socks-4.1.119.Final.jar;C:\Users\Asus Tuf\.m2\repository\org\springframework\spring-webflux\6.2.5\spring-webflux-6.2.5.jar;C:\Users\Asus Tuf\.m2\repository\io\projectreactor\reactor-core\3.7.4\reactor-core-3.7.4.jar;C:\Users\Asus Tuf\.m2\repository\org\reactivestreams\reactive-streams\1.0.4\reactive-streams-1.0.4.jar
Launcher Type: SUN_STANDARD

[Global flags]
     intx CICompilerCount                          = 4                                         {product} {ergonomic}
     uint ConcGCThreads                            = 3                                         {product} {ergonomic}
     uint G1ConcRefinementThreads                  = 10                                        {product} {ergonomic}
   size_t G1HeapRegionSize                         = 1048576                                   {product} {ergonomic}
   size_t InitialHeapSize                          = 130023424                                 {product} {ergonomic}
     bool ManagementServer                         = true                                      {product} {command line}
   size_t MarkStackSize                            = 4194304                                   {product} {ergonomic}
   size_t MarkStackSizeMax                         = 536870912                                 {product} {ergonomic}
   size_t MaxHeapSize                              = 2076180480                                {product} {ergonomic}
   size_t MaxNewSize                               = 1245708288                                {product} {ergonomic}
   size_t MinHeapDeltaBytes                        = 1048576                                   {product} {ergonomic}
   size_t MinHeapSize                              = 8388608                                   {product} {ergonomic}
    uintx NonNMethodCodeHeapSize                   = 4096                                   {pd product} {ergonomic}
    uintx NonProfiledCodeHeapSize                  = 0                                      {pd product} {ergonomic}
     bool ProfileInterpreter                       = false                                  {pd product} {command line}
    uintx ProfiledCodeHeapSize                     = 0                                      {pd product} {ergonomic}
   size_t SoftMaxHeapSize                          = 2076180480                             {manageable} {ergonomic}
     intx TieredStopAtLevel                        = 1                                         {product} {command line}
     bool UseCompressedOops                        = true                           {product lp64_product} {ergonomic}
     bool UseG1GC                                  = true                                      {product} {ergonomic}
     bool UseLargePagesIndividualAllocation        = false                                  {pd product} {ergonomic}

Logging:
Log output configuration:
 #0: stdout all=warning uptime,level,tags foldmultilines=false
 #1: stderr all=off uptime,level,tags foldmultilines=false

Environment Variables:
JAVA_HOME=C:\Program Files\Java\jdk-21\bin
PATH=C:\Program Files (x86)\VMware\VMware Workstation\bin\;C:\Program Files\Common Files\Oracle\Java\javapath;C:\Windows\system32;C:\Windows;C:\Windows\System32\Wbem;C:\Windows\System32\WindowsPowerShell\v1.0\;C:\Windows\System32\OpenSSH\;C:\Program Files (x86)\NVIDIA Corporation\PhysX\Common;C:\Program Files\NVIDIA Corporation\NVIDIA NvDLISR;C:\Program Files\dotnet\;C:\Program Files\Microsoft SQL Server\150\Tools\Binn\;C:\Program Files (x86)\Microsoft SQL Server\160\Tools\Binn\;C:\Program Files\Microsoft SQL Server\160\Tools\Binn\;C:\Program Files\Microsoft SQL Server\Client SDK\ODBC\170\Tools\Binn\;C:\Program Files\Microsoft SQL Server\160\DTS\Binn\;C:\WINDOWS\system32;C:\WINDOWS;C:\WINDOWS\System32\Wbem;C:\WINDOWS\System32\WindowsPowerShell\v1.0\;C:\WINDOWS\System32\OpenSSH\;G:\NodeJS\;C:\Program Files\Git\cmd;C:\Program Files\Java\jdk-21\bin;C:\Program Files (x86)\Microsoft SQL Server\160\DTS\Binn\;C:\ProgramData\chocolatey\bin;C:\Program Files\Docker\Docker\resources\bin;C:\Users\Asus Tuf\AppData\Local\Microsoft\WindowsApps;C:\MinGW\bin;G:\IntelliJ IDEA 2024.3.1.1\bin;;C:\Users\Asus Tuf\AppData\Roaming\npm;G:\DataBase\Db\DataGrip 2024.3.4\bin;;C:\flutter\bin;C:\Users\Asus Tuf\.dotnet\tools;C:\tools\dart-sdk\bin;C:\Users\Asus Tuf\AppData\Local\Pub\Cache\bin;C:\tools\flutter\bin;G:\Webstorm\WebStorm 2025.1.1\bin;;G:\web\Microsoft VS Code\bin
USERNAME=Asus Tuf
OS=Windows_NT
PROCESSOR_IDENTIFIER=Intel64 Family 6 Model 141 Stepping 1, GenuineIntel
TMP=C:\Users\ASUSTU~1\AppData\Local\Temp
TEMP=C:\Users\ASUSTU~1\AppData\Local\Temp




Periodic native trim disabled

---------------  S Y S T E M  ---------------

OS:
 Windows 11 , 64 bit Build 26100 (10.0.26100.4202)
OS uptime: 0 days 0:11 hours
Hyper-V role detected

CPU: total 12 (initial active 12) (6 cores per cpu, 2 threads per core) family 6 model 141 stepping 1 microcode 0x50, cx8, cmov, fxsr, ht, mmx, 3dnowpref, sse, sse2, sse3, ssse3, sse4.1, sse4.2, popcnt, lzcnt, tsc, tscinvbit, avx, avx2, aes, erms, clmul, bmi1, bmi2, adx, avx512f, avx512dq, avx512cd, avx512bw, avx512vl, sha, fma, vzeroupper, avx512_vpopcntdq, avx512_vpclmulqdq, avx512_vaes, avx512_vnni, clflush, clflushopt, clwb, avx512_vbmi2, avx512_vbmi, hv, rdtscp, rdpid, fsrm, gfni, avx512_bitalg, f16c, cet_ibt, cet_ss, avx512_ifma
Processor Information for the first 12 processors :
  Max Mhz: 2688, Current Mhz: 2688, Mhz Limit: 2688

Memory: 4k page, system-wide physical 7913M (1424M free)
TotalPageFile size 21932M (AvailPageFile size 917M)
current process WorkingSet (physical memory assigned to process): 147M, peak: 288M
current process commit charge ("private bytes"): 336M, peak: 337M

vm_info: OpenJDK 64-Bit Server VM (23.0.1+11-39) for windows-amd64 JRE (23.0.1+11-39), built on 2024-09-30T07:20:43Z with MS VC++ 17.6 (VS2022)

END.
